\BOOKMARK [1][-]{section.1}{\376\377\000I\000n\000t\000r\000o\000d\000u\000c\000t\000i\000o\000n}{}% 1
\BOOKMARK [1][-]{section.9}{\376\377\000R\000e\000l\000a\000t\000e\000d\000\040\000W\000o\000r\000k}{}% 2
\BOOKMARK [1][-]{section.10}{\376\377\000S\000y\000s\000t\000e\000m\000\040\000a\000n\000d\000\040\000O\000b\000s\000e\000r\000v\000a\000t\000i\000o\000n\000\040\000M\000o\000d\000e\000l}{}% 3
\BOOKMARK [2][-]{subsection.13}{\376\377\000R\000e\000l\000a\000t\000i\000v\000e\000\040\000D\000y\000n\000a\000m\000i\000c\000s}{section.10}% 4
\BOOKMARK [2][-]{subsection.16}{\376\377\000V\000i\000s\000i\000b\000i\000l\000i\000t\000y\000,\000\040\000P\000r\000e\000s\000c\000r\000i\000b\000e\000d\000\040\000O\000b\000s\000e\000r\000v\000a\000t\000i\000o\000n\000,\000\040\000a\000n\000d\000\040\000C\000o\000v\000e\000r\000a\000g\000e}{section.10}% 5
\BOOKMARK [2][-]{subsection.20}{\376\377\000D\000y\000n\000a\000m\000i\000c\000\040\000F\000e\000a\000s\000i\000b\000i\000l\000i\000t\000y\000\040\000a\000n\000d\000\040\000S\000O\000O\000A\000s}{section.10}% 6
\BOOKMARK [1][-]{section.24}{\376\377\000S\000a\000f\000e\000t\000y\000-\000S\000h\000i\000e\000l\000d\000e\000d\000\040\000C\000a\000n\000d\000i\000d\000a\000t\000e\000-\000G\000r\000a\000p\000h\000\040\000P\000o\000l\000i\000c\000y\000\040\000I\000m\000p\000r\000o\000v\000e\000m\000e\000n\000t}{}% 7
\BOOKMARK [2][-]{subsection.25}{\376\377\000C\000a\000n\000d\000i\000d\000a\000t\000e\000\040\000G\000r\000a\000p\000h\000\040\000a\000n\000d\000\040\000M\000a\000r\000k\000o\000v\000\040\000S\000t\000a\000t\000e}{section.24}% 8
\BOOKMARK [2][-]{subsection.29}{\376\377\000S\000O\000O\000A\000\040\000C\000o\000n\000s\000t\000r\000u\000c\000t\000i\000o\000n\000\040\000a\000n\000d\000\040\000S\000a\000f\000e\000t\000y\000\040\000S\000h\000i\000e\000l\000d}{section.24}% 9
\BOOKMARK [2][-]{subsection.32}{\376\377\000C\000r\000i\000t\000i\000c\000,\000\040\000L\000o\000o\000k\000a\000h\000e\000a\000d\000,\000\040\000a\000n\000d\000\040\000S\000a\000f\000e\000g\000u\000a\000r\000d\000e\000d\000\040\000I\000m\000p\000r\000o\000v\000e\000m\000e\000n\000t}{section.24}% 10
\BOOKMARK [2][-]{subsection.36}{\376\377\000P\000r\000o\000p\000e\000r\000t\000i\000e\000s\000\040\000a\000n\000d\000\040\000E\000x\000a\000c\000t\000\040\000O\000r\000a\000c\000l\000e}{section.24}% 11
\BOOKMARK [1][-]{section.48}{\376\377\000E\000x\000p\000e\000r\000i\000m\000e\000n\000t\000a\000l\000\040\000P\000r\000o\000t\000o\000c\000o\000l}{}% 12
\BOOKMARK [2][-]{subsection.49}{\376\377\000B\000a\000s\000e\000\040\000B\000e\000n\000c\000h\000m\000a\000r\000k}{section.48}% 13
\BOOKMARK [2][-]{subsection.52}{\376\377\000M\000a\000t\000c\000h\000e\000d\000\040\000C\000o\000m\000p\000o\000n\000e\000n\000t\000\040\000A\000b\000l\000a\000t\000i\000o\000n}{section.48}% 14
\BOOKMARK [2][-]{subsection.53}{\376\377\000O\000r\000a\000c\000l\000e\000,\000\040\000I\000n\000i\000t\000i\000a\000l\000-\000S\000t\000a\000t\000e\000\040\000S\000t\000r\000e\000s\000s\000,\000\040\000a\000n\000d\000\040\000C\000o\000m\000p\000u\000t\000e\000\040\000C\000a\000s\000e\000s}{section.48}% 15
\BOOKMARK [2][-]{subsection.54}{\376\377\000S\000a\000v\000e\000d\000\040\000R\000e\000s\000u\000l\000t\000s\000\040\000a\000n\000d\000\040\000R\000e\000p\000r\000o\000d\000u\000c\000i\000b\000i\000l\000i\000t\000y\000\040\000B\000o\000u\000n\000d\000a\000r\000y}{section.48}% 16
\BOOKMARK [2][-]{subsection.55}{\376\377\000R\000O\000S\000\040\0002\000\040\000E\000x\000e\000c\000u\000t\000i\000o\000n\000\040\000I\000n\000t\000e\000r\000f\000a\000c\000e\000\040\000a\000n\000d\000\040\000V\000a\000l\000i\000d\000a\000t\000i\000o\000n\000\040\000P\000l\000a\000c\000e\000h\000o\000l\000d\000e\000r}{section.48}% 17
\BOOKMARK [1][-]{section.58}{\376\377\000R\000e\000s\000u\000l\000t\000s}{}% 18
\BOOKMARK [2][-]{subsection.59}{\376\377\000P\000r\000i\000m\000a\000r\000y\000\040\000C\000o\000v\000e\000r\000a\000g\000e\040\023\000E\000f\000f\000o\000r\000t\000\040\000C\000o\000m\000p\000a\000r\000i\000s\000o\000n}{section.58}% 19
\BOOKMARK [2][-]{subsection.64}{\376\377\000P\000r\000i\000m\000a\000r\000y\000\040\000T\000r\000a\000j\000e\000c\000t\000o\000r\000y\000\040\000C\000a\000s\000e\000\040\000S\000t\000u\000d\000y}{section.58}% 20
\BOOKMARK [2][-]{subsection.67}{\376\377\000C\000o\000m\000p\000o\000n\000e\000n\000t\000\040\000A\000t\000t\000r\000i\000b\000u\000t\000i\000o\000n\000\040\000a\000n\000d\000\040\000C\000o\000m\000p\000u\000t\000a\000t\000i\000o\000n\000a\000l\000\040\000C\000o\000s\000t}{section.58}% 21
\BOOKMARK [2][-]{subsection.70}{\376\377\000R\000e\000d\000u\000c\000e\000d\000-\000G\000r\000a\000p\000h\000\040\000C\000e\000r\000t\000i\000f\000i\000c\000a\000t\000i\000o\000n}{section.58}% 22
\BOOKMARK [2][-]{subsection.73}{\376\377\000I\000n\000i\000t\000i\000a\000l\000-\000S\000t\000a\000t\000e\000\040\000S\000t\000r\000e\000s\000s\000\040\000T\000e\000s\000t\000s}{section.58}% 23
\BOOKMARK [2][-]{subsection.76}{\376\377\000C\000r\000i\000t\000i\000c\000\040\000a\000n\000d\000\040\000L\000o\000o\000k\000a\000h\000e\000a\000d\000\040\000C\000o\000m\000p\000u\000t\000e\000\040\000T\000r\000a\000d\000e\000o\000f\000f}{section.58}% 24
\BOOKMARK [2][-]{subsection.79}{\376\377\000C\000r\000o\000s\000s\000-\000R\000e\000s\000u\000l\000t\000\040\000S\000y\000n\000t\000h\000e\000s\000i\000s}{section.58}% 25
\BOOKMARK [1][-]{section.80}{\376\377\000D\000i\000s\000c\000u\000s\000s\000i\000o\000n}{}% 26
\BOOKMARK [1][-]{section.81}{\376\377\000C\000o\000n\000c\000l\000u\000s\000i\000o\000n}{}% 27
\BOOKMARK [1][-]{section.81}{\376\377\000R\000E\000F\000E\000R\000E\000N\000C\000E\000S}{}% 28
\BOOKMARK [1][-]{IEEEbiography.82}{\376\377\000B\000i\000o\000g\000r\000a\000p\000h\000i\000e\000s}{}% 29
\BOOKMARK [2][-]{IEEEbiography.83}{\376\377\000R\000u\000g\000a\000n\000g\000\040\000T\000a\000n\000g}{IEEEbiography.82}% 30
\BOOKMARK [2][-]{IEEEbiography.84}{\376\377\000X\000i\000n\000\040\000N\000i\000n\000g}{IEEEbiography.82}% 31
\BOOKMARK [2][-]{IEEEbiography.85}{\376\377\000C\000h\000i\000h\000-\000y\000u\000n\000g\000\040\000W\000e\000n}{IEEEbiography.82}% 32
