This is pdfTeX, Version 3.141592653-2.6-1.40.25 (TeX Live 2023/Debian) (preloaded format=pdflatex 2026.6.22)  9 SEP 2026 20:52
entering extended mode
 restricted \write18 enabled.
 %&-line parsing enabled.
**/home/rugang/robotics/projects/OrbInspect/OrbInspectLatex/main
(/home/rugang/robotics/projects/OrbInspect/OrbInspectLatex/main.tex
LaTeX2e <2023-11-01> patch level 1
L3 programming layer <2024-01-22>
(./IEEEtaes.cls
Document Class: IEEEtaes 2022/02/15 V1.1
-- See the "IEEE Aerospace and Electronic Systems" manual for usage information.
\@IEEEtrantmpdimenA=\dimen140
\@IEEEtrantmpdimenB=\dimen141
\@IEEEtrantmpcountA=\count187
\@IEEEtrantmpcountB=\count188
\@IEEEtrantmptoksA=\toks17
LaTeX Font Info:    Trying to load font information for OT1+ptm on input line 384.
(/usr/share/texlive/texmf-dist/tex/latex/psnfss/ot1ptm.fd
File: ot1ptm.fd 2001/06/04 font definitions for OT1/ptm.
)
-- Using 8.25in x 10.75in (IEEE Photonics PaperSize) paper.
-- Using PDF output.
\@IEEEnormalsizeunitybaselineskip=\dimen142
-- This is a 10 point document.
\CLASSINFOnormalsizebaselineskip=\dimen143
\CLASSINFOnormalsizeunitybaselineskip=\dimen144
\IEEEnormaljot=\dimen145
LaTeX Font Info:    Font shape `OT1/ptm/bx/n' in size <5> not available
(Font)              Font shape `OT1/ptm/b/n' tried instead on input line 742.
LaTeX Font Info:    Font shape `OT1/ptm/bx/it' in size <5> not available
(Font)              Font shape `OT1/ptm/b/it' tried instead on input line 742.
LaTeX Font Info:    Font shape `OT1/ptm/bx/n' in size <7> not available
(Font)              Font shape `OT1/ptm/b/n' tried instead on input line 742.
LaTeX Font Info:    Font shape `OT1/ptm/bx/it' in size <7> not available
(Font)              Font shape `OT1/ptm/b/it' tried instead on input line 742.
LaTeX Font Info:    Font shape `OT1/ptm/bx/n' in size <8.25> not available
(Font)              Font shape `OT1/ptm/b/n' tried instead on input line 742.
LaTeX Font Info:    Font shape `OT1/ptm/bx/it' in size <8.25> not available
(Font)              Font shape `OT1/ptm/b/it' tried instead on input line 742.
LaTeX Font Info:    Font shape `OT1/ptm/bx/n' in size <8> not available
(Font)              Font shape `OT1/ptm/b/n' tried instead on input line 742.
LaTeX Font Info:    Font shape `OT1/ptm/bx/it' in size <8> not available
(Font)              Font shape `OT1/ptm/b/it' tried instead on input line 742.
LaTeX Font Info:    Font shape `OT1/ptm/bx/n' in size <10.28844> not available
(Font)              Font shape `OT1/ptm/b/n' tried instead on input line 742.
LaTeX Font Info:    Font shape `OT1/ptm/bx/it' in size <10.28844> not available
(Font)              Font shape `OT1/ptm/b/it' tried instead on input line 742.
LaTeX Font Info:    Font shape `OT1/ptm/bx/n' in size <10> not available
(Font)              Font shape `OT1/ptm/b/n' tried instead on input line 742.
LaTeX Font Info:    Font shape `OT1/ptm/bx/it' in size <10> not available
(Font)              Font shape `OT1/ptm/b/it' tried instead on input line 742.
LaTeX Font Info:    Font shape `OT1/ptm/bx/n' in size <12> not available
(Font)              Font shape `OT1/ptm/b/n' tried instead on input line 742.
LaTeX Font Info:    Font shape `OT1/ptm/bx/it' in size <12> not available
(Font)              Font shape `OT1/ptm/b/it' tried instead on input line 742.
LaTeX Font Info:    Font shape `OT1/ptm/bx/n' in size <17> not available
(Font)              Font shape `OT1/ptm/b/n' tried instead on input line 742.
LaTeX Font Info:    Font shape `OT1/ptm/bx/it' in size <17> not available
(Font)              Font shape `OT1/ptm/b/it' tried instead on input line 742.
LaTeX Font Info:    Font shape `OT1/ptm/bx/n' in size <20> not available
(Font)              Font shape `OT1/ptm/b/n' tried instead on input line 742.
LaTeX Font Info:    Font shape `OT1/ptm/bx/it' in size <20> not available
(Font)              Font shape `OT1/ptm/b/it' tried instead on input line 742.
LaTeX Font Info:    Font shape `OT1/ptm/bx/n' in size <18> not available
(Font)              Font shape `OT1/ptm/b/n' tried instead on input line 742.
LaTeX Font Info:    Font shape `OT1/ptm/bx/it' in size <18> not available
(Font)              Font shape `OT1/ptm/b/it' tried instead on input line 742.
\IEEEilabelindentA=\dimen146
\IEEEilabelindentB=\dimen147
\IEEEilabelindent=\dimen148
\IEEEelabelindent=\dimen149
\IEEEdlabelindent=\dimen150
\IEEElabelindent=\dimen151
\IEEEiednormlabelsep=\dimen152
\IEEEiedmathlabelsep=\dimen153
\IEEEiedtopsep=\skip48
\c@section=\count189
\c@subsection=\count190
\c@subsubsection=\count191
\c@paragraph=\count192
\c@IEEEsubequation=\count193
\abovecaptionskip=\skip49
\belowcaptionskip=\skip50
\c@figure=\count194
\marginfigbox=\box51
\c@table=\count195
\margintabbox=\box52
\@IEEEeqnnumcols=\count196
\@IEEEeqncolcnt=\count197
\@AffLeftSkip=\skip51
(/usr/share/texlive/texmf-dist/tex/latex/graphics/color.sty
Package: color 2022/01/06 v1.3d Standard LaTeX Color (DPC)
 (/usr/share/texlive/texmf-dist/tex/latex/graphics-cfg/color.cfg
File: color.cfg 2016/01/02 v1.6 sample color configuration
)
Package color Info: Driver file: pdftex.def on input line 149.
 (/usr/share/texlive/texmf-dist/tex/latex/graphics-def/pdftex.def
File: pdftex.def 2022/09/22 v1.2b Graphics/color driver for pdftex
) (/usr/share/texlive/texmf-dist/tex/latex/graphics/mathcolor.ltx)) (/usr/share/texlive/texmf-dist/tex/generic/iftex/ifpdf.sty
Package: ifpdf 2019/10/25 v3.4 ifpdf legacy package. Use iftex instead.
 (/usr/share/texlive/texmf-dist/tex/generic/iftex/iftex.sty
Package: iftex 2022/02/03 v1.0f TeX engine tests
))
Package color Info: Redefining color white on input line 3361.
\tempbox=\box53
\abstractbox=\box54
\keybox=\box55
\@IEEEtmpitemindent=\dimen154
\c@IEEEbiography=\count198
\@IEEEtranrubishbin=\box56
\footheight=\dimen155
\typeheight=\dimen156
\typewidth=\dimen157
\authorcount=\count199
\chkaucount=\count266
\tempcount=\count267
 (/usr/share/texlive/texmf-dist/tex/latex/wrapfig/wrapfig.sty
\wrapoverhang=\dimen158
\WF@size=\dimen159
\c@WF@wrappedlines=\count268
\WF@box=\box57
\WF@everypar=\toks18
Package: wrapfig 2003/01/31  v 3.6
) (/usr/share/texlive/texmf-dist/tex/latex/tools/array.sty
Package: array 2023/10/16 v2.5g Tabular extension package (FMi)
\col@sep=\dimen160
\ar@mcellbox=\box58
\extrarowheight=\dimen161
\NC@list=\toks19
\extratabsurround=\skip52
\backup@length=\skip53
\ar@cellbox=\box59
)
\quotebox=\box60
\quoteskp=\skip54
\sdquoteskp=\skip55
\quotecnt=\count269
\@partialpageht=\dimen162
\store@outputbox=\box61
\storedboxheight=\dimen163
 (/usr/share/texlive/texmf-dist/tex/latex/hyperref/hyperref.sty
Package: hyperref 2024-01-20 v7.01h Hypertext links for LaTeX
 (/usr/share/texlive/texmf-dist/tex/latex/graphics/keyval.sty
Package: keyval 2022/05/29 v1.15 key=value parser (DPC)
\KV@toks@=\toks20
) (/usr/share/texlive/texmf-dist/tex/latex/kvsetkeys/kvsetkeys.sty
Package: kvsetkeys 2022-10-05 v1.19 Key value parser (HO)
) (/usr/share/texlive/texmf-dist/tex/generic/kvdefinekeys/kvdefinekeys.sty
Package: kvdefinekeys 2019-12-19 v1.6 Define keys (HO)
) (/usr/share/texlive/texmf-dist/tex/generic/pdfescape/pdfescape.sty
Package: pdfescape 2019/12/09 v1.15 Implements pdfTeX's escape features (HO)
 (/usr/share/texlive/texmf-dist/tex/generic/ltxcmds/ltxcmds.sty
Package: ltxcmds 2023-12-04 v1.26 LaTeX kernel commands for general use (HO)
) (/usr/share/texlive/texmf-dist/tex/generic/pdftexcmds/pdftexcmds.sty
Package: pdftexcmds 2020-06-27 v0.33 Utility functions of pdfTeX for LuaTeX (HO)
 (/usr/share/texlive/texmf-dist/tex/generic/infwarerr/infwarerr.sty
Package: infwarerr 2019/12/03 v1.5 Providing info/warning/error messages (HO)
)
Package pdftexcmds Info: \pdf@primitive is available.
Package pdftexcmds Info: \pdf@ifprimitive is available.
Package pdftexcmds Info: \pdfdraftmode found.
)) (/usr/share/texlive/texmf-dist/tex/latex/hycolor/hycolor.sty
Package: hycolor 2020-01-27 v1.10 Color options for hyperref/bookmark (HO)
) (/usr/share/texlive/texmf-dist/tex/latex/auxhook/auxhook.sty
Package: auxhook 2019-12-17 v1.6 Hooks for auxiliary files (HO)
) (/usr/share/texlive/texmf-dist/tex/latex/hyperref/nameref.sty
Package: nameref 2023-11-26 v2.56 Cross-referencing by name of section
 (/usr/share/texlive/texmf-dist/tex/latex/refcount/refcount.sty
Package: refcount 2019/12/15 v3.6 Data extraction from label references (HO)
) (/usr/share/texlive/texmf-dist/tex/generic/gettitlestring/gettitlestring.sty
Package: gettitlestring 2019/12/15 v1.6 Cleanup title references (HO)
 (/usr/share/texlive/texmf-dist/tex/latex/kvoptions/kvoptions.sty
Package: kvoptions 2022-06-15 v3.15 Key value format for package options (HO)
))
\c@section@level=\count270
) (/usr/share/texlive/texmf-dist/tex/latex/etoolbox/etoolbox.sty
Package: etoolbox 2020/10/05 v2.5k e-TeX tools for LaTeX (JAW)
\etb@tempcnta=\count271
)
\@linkdim=\dimen164
\Hy@linkcounter=\count272
\Hy@pagecounter=\count273
 (/usr/share/texlive/texmf-dist/tex/latex/hyperref/pd1enc.def
File: pd1enc.def 2024-01-20 v7.01h Hyperref: PDFDocEncoding definition (HO)
Now handling font encoding PD1 ...
... no UTF-8 mapping file for font encoding PD1
) (/usr/share/texlive/texmf-dist/tex/generic/intcalc/intcalc.sty
Package: intcalc 2019/12/15 v1.3 Expandable calculations with integers (HO)
)
\Hy@SavedSpaceFactor=\count274
 (/usr/share/texlive/texmf-dist/tex/latex/hyperref/puenc.def
File: puenc.def 2024-01-20 v7.01h Hyperref: PDF Unicode definition (HO)
Now handling font encoding PU ...
... no UTF-8 mapping file for font encoding PU
)
Package hyperref Info: Option `hypertexnames' set `false' on input line 4062.
Package hyperref Info: Option `colorlinks' set `true' on input line 4062.
Package hyperref Info: Option `breaklinks' set `true' on input line 4062.
Package hyperref Info: Hyper figures OFF on input line 4179.
Package hyperref Info: Link nesting OFF on input line 4184.
Package hyperref Info: Hyper index ON on input line 4187.
Package hyperref Info: Plain pages OFF on input line 4194.
Package hyperref Info: Backreferencing OFF on input line 4199.
Package hyperref Info: Implicit mode ON; LaTeX internals redefined.
Package hyperref Info: Bookmarks ON on input line 4446.
\c@Hy@tempcnt=\count275
 (/usr/share/texlive/texmf-dist/tex/latex/url/url.sty
\Urlmuskip=\muskip16
Package: url 2013/09/16  ver 3.4  Verb mode for urls, etc.
)
LaTeX Info: Redefining \url on input line 4784.
\XeTeXLinkMargin=\dimen165
 (/usr/share/texlive/texmf-dist/tex/generic/bitset/bitset.sty
Package: bitset 2019/12/09 v1.3 Handle bit-vector datatype (HO)
 (/usr/share/texlive/texmf-dist/tex/generic/bigintcalc/bigintcalc.sty
Package: bigintcalc 2019/12/15 v1.5 Expandable calculations on big integers (HO)
))
\Fld@menulength=\count276
\Field@Width=\dimen166
\Fld@charsize=\dimen167
Package hyperref Info: Hyper figures OFF on input line 6063.
Package hyperref Info: Link nesting OFF on input line 6068.
Package hyperref Info: Hyper index ON on input line 6071.
Package hyperref Info: backreferencing OFF on input line 6078.
Package hyperref Info: Link coloring ON on input line 6081.
Package hyperref Info: Link coloring with OCG OFF on input line 6088.
Package hyperref Info: PDF/A mode OFF on input line 6093.
 (/usr/share/texlive/texmf-dist/tex/latex/base/atbegshi-ltx.sty
Package: atbegshi-ltx 2021/01/10 v1.0c Emulation of the original atbegshi
package with kernel methods
)
\Hy@abspage=\count277
\c@Item=\count278
\c@Hfootnote=\count279
)
Package hyperref Info: Driver (autodetected): hpdftex.
 (/usr/share/texlive/texmf-dist/tex/latex/hyperref/hpdftex.def
File: hpdftex.def 2024-01-20 v7.01h Hyperref driver for pdfTeX
 (/usr/share/texlive/texmf-dist/tex/latex/base/atveryend-ltx.sty
Package: atveryend-ltx 2020/08/19 v1.0a Emulation of the original atveryend package
with kernel methods
)
\Fld@listcount=\count280
\c@bookmark@seq@number=\count281
 (/usr/share/texlive/texmf-dist/tex/latex/rerunfilecheck/rerunfilecheck.sty
Package: rerunfilecheck 2022-07-10 v1.10 Rerun checks for auxiliary files (HO)
 (/usr/share/texlive/texmf-dist/tex/generic/uniquecounter/uniquecounter.sty
Package: uniquecounter 2019/12/15 v1.4 Provide unlimited unique counter (HO)
)
Package uniquecounter Info: New unique counter `rerunfilecheck' on input line 285.
)
\Hy@SectionHShift=\skip56
)) (/usr/share/texlive/texmf-dist/tex/latex/amscls/amsthm.sty
Package: amsthm 2020/05/29 v2.20.6
\thm@style=\toks21
\thm@bodyfont=\toks22
\thm@headfont=\toks23
\thm@notefont=\toks24
\thm@headpunct=\toks25
\thm@preskip=\skip57
\thm@postskip=\skip58
\thm@headsep=\skip59
\dth@everypar=\toks26
) (/usr/share/texlive/texmf-dist/tex/latex/amsmath/amsmath.sty
Package: amsmath 2023/05/13 v2.17o AMS math features
\@mathmargin=\skip60

For additional information on amsmath, use the `?' option.
(/usr/share/texlive/texmf-dist/tex/latex/amsmath/amstext.sty
Package: amstext 2021/08/26 v2.01 AMS text
 (/usr/share/texlive/texmf-dist/tex/latex/amsmath/amsgen.sty
File: amsgen.sty 1999/11/30 v2.0 generic functions
\@emptytoks=\toks27
\ex@=\dimen168
)) (/usr/share/texlive/texmf-dist/tex/latex/amsmath/amsbsy.sty
Package: amsbsy 1999/11/29 v1.2d Bold Symbols
\pmbraise@=\dimen169
) (/usr/share/texlive/texmf-dist/tex/latex/amsmath/amsopn.sty
Package: amsopn 2022/04/08 v2.04 operator names
)
\inf@bad=\count282
LaTeX Info: Redefining \frac on input line 234.
\uproot@=\count283
\leftroot@=\count284
LaTeX Info: Redefining \overline on input line 399.
LaTeX Info: Redefining \colon on input line 410.
\classnum@=\count285
\DOTSCASE@=\count286
LaTeX Info: Redefining \ldots on input line 496.
LaTeX Info: Redefining \dots on input line 499.
LaTeX Info: Redefining \cdots on input line 620.
\Mathstrutbox@=\box62
\strutbox@=\box63
LaTeX Info: Redefining \big on input line 722.
LaTeX Info: Redefining \Big on input line 723.
LaTeX Info: Redefining \bigg on input line 724.
LaTeX Info: Redefining \Bigg on input line 725.
\big@size=\dimen170
LaTeX Font Info:    Redeclaring font encoding OML on input line 743.
LaTeX Font Info:    Redeclaring font encoding OMS on input line 744.
\macc@depth=\count287
LaTeX Info: Redefining \bmod on input line 905.
LaTeX Info: Redefining \pmod on input line 910.
LaTeX Info: Redefining \smash on input line 940.
LaTeX Info: Redefining \relbar on input line 970.
LaTeX Info: Redefining \Relbar on input line 971.
\c@MaxMatrixCols=\count288
\dotsspace@=\muskip17
\c@parentequation=\count289
\dspbrk@lvl=\count290
\tag@help=\toks28
\row@=\count291
\column@=\count292
\maxfields@=\count293
\andhelp@=\toks29
\eqnshift@=\dimen171
\alignsep@=\dimen172
\tagshift@=\dimen173
\tagwidth@=\dimen174
\totwidth@=\dimen175
\lineht@=\dimen176
\@envbody=\toks30
\multlinegap=\skip61
\multlinetaggap=\skip62
\mathdisplay@stack=\toks31
LaTeX Info: Redefining \[ on input line 2953.
LaTeX Info: Redefining \] on input line 2954.
) (/usr/share/texlive/texmf-dist/tex/latex/amsfonts/amssymb.sty
Package: amssymb 2013/01/14 v3.01 AMS font symbols
 (/usr/share/texlive/texmf-dist/tex/latex/amsfonts/amsfonts.sty
Package: amsfonts 2013/01/14 v3.01 Basic AMSFonts support
\symAMSa=\mathgroup4
\symAMSb=\mathgroup5
LaTeX Font Info:    Redeclaring math symbol \hbar on input line 98.
LaTeX Font Info:    Overwriting math alphabet `\mathfrak' in version `bold'
(Font)                  U/euf/m/n --> U/euf/b/n on input line 106.
)) (/usr/share/texlive/texmf-dist/tex/latex/booktabs/booktabs.sty
Package: booktabs 2020/01/12 v1.61803398 Publication quality tables
\heavyrulewidth=\dimen177
\lightrulewidth=\dimen178
\cmidrulewidth=\dimen179
\belowrulesep=\dimen180
\belowbottomsep=\dimen181
\aboverulesep=\dimen182
\abovetopsep=\dimen183
\cmidrulesep=\dimen184
\cmidrulekern=\dimen185
\defaultaddspace=\dimen186
\@cmidla=\count294
\@cmidlb=\count295
\@aboverulesep=\dimen187
\@belowrulesep=\dimen188
\@thisruleclass=\count296
\@lastruleclass=\count297
\@thisrulewidth=\dimen189
) (/usr/share/texlive/texmf-dist/tex/latex/float/float.sty
Package: float 2001/11/08 v1.3d Float enhancements (AL)
\c@float@type=\count298
\float@exts=\toks32
\float@box=\box64
\@float@everytoks=\toks33
\@floatcapt=\box65
) (/usr/share/texlive/texmf-dist/tex/latex/graphics/graphicx.sty
Package: graphicx 2021/09/16 v1.2d Enhanced LaTeX Graphics (DPC,SPQR)
 (/usr/share/texlive/texmf-dist/tex/latex/graphics/graphics.sty
Package: graphics 2022/03/10 v1.4e Standard LaTeX Graphics (DPC,SPQR)
 (/usr/share/texlive/texmf-dist/tex/latex/graphics/trig.sty
Package: trig 2021/08/11 v1.11 sin cos tan (DPC)
) (/usr/share/texlive/texmf-dist/tex/latex/graphics-cfg/graphics.cfg
File: graphics.cfg 2016/06/04 v1.11 sample graphics configuration
)
Package graphics Info: Driver file: pdftex.def on input line 107.
)
\Gin@req@height=\dimen190
\Gin@req@width=\dimen191
) (/usr/share/texlive/texmf-dist/tex/latex/subfig/subfig.sty
Package: subfig 2005/06/28 ver: 1.3 subfig package
 (/usr/share/texlive/texmf-dist/tex/latex/caption/caption3.sty
Package: caption3 2023/07/31 v2.4d caption3 kernel (AR)
\caption@tempdima=\dimen192
\captionmargin=\dimen193
\caption@leftmargin=\dimen194
\caption@rightmargin=\dimen195
\caption@width=\dimen196
\caption@indent=\dimen197
\caption@parindent=\dimen198
\caption@hangindent=\dimen199
Package caption Info: Unknown document class (or package),
(caption)             standard defaults will be used.
Package caption Info: \@makecaption = \long macro:#1#2->\ifx \@captype \@IEEEtablestring {\centering {\tablecapnumfont #1}\par {\tablecapfont #2}\par }\@IEEEtablecaptionsepspace \else \@IEEEfigurecaptionsepspace \setbox \@tempboxa \hbox {\normalfont \footnotesize {#1.}\enspace #2}\vspace *{2pt}{{\figcapnumfont #1.}\hspace *{9.5pt}{\figcapfont #2\par }}\fi  on input line 1175.
)
\c@KVtest=\count299
\sf@farskip=\skip63
\sf@captopadj=\dimen256
\sf@capskip=\skip64
\sf@nearskip=\skip65
\c@subfigure=\count300
\c@subfigure@save=\count301
\c@lofdepth=\count302
\c@subtable=\count303
\c@subtable@save=\count304
\c@lotdepth=\count305
\sf@top=\skip66
\sf@bottom=\skip67
) (/usr/share/texlive/texmf-dist/tex/latex/tools/tabularx.sty
Package: tabularx 2023/07/08 v2.11c `tabularx' package (DPC)
\TX@col@width=\dimen257
\TX@old@table=\dimen258
\TX@old@col=\dimen259
\TX@target=\dimen260
\TX@delta=\dimen261
\TX@cols=\count306
\TX@ftn=\toks34
) (/usr/share/texlive/texmf-dist/tex/latex/base/textcomp.sty
Package: textcomp 2020/02/02 v2.0n Standard LaTeX package
) (/usr/share/texlive/texmf-dist/tex/latex/algorithms/algorithm.sty
Package: algorithm 2009/08/24 v0.1 Document Style `algorithm' - floating environment
 (/usr/share/texlive/texmf-dist/tex/latex/base/ifthen.sty
Package: ifthen 2022/04/13 v1.1d Standard LaTeX ifthen package (DPC)
)
\@float@every@algorithm=\toks35
\c@algorithm=\count307
) (/usr/share/texlive/texmf-dist/tex/latex/algorithmicx/algpseudocode.sty
Package: algpseudocode 
 (/usr/share/texlive/texmf-dist/tex/latex/algorithmicx/algorithmicx.sty
Package: algorithmicx 2005/04/27 v1.2 Algorithmicx

Document Style algorithmicx 1.2 - a greatly improved `algorithmic' style
\c@ALG@line=\count308
\c@ALG@rem=\count309
\c@ALG@nested=\count310
\ALG@tlm=\skip68
\ALG@thistlm=\skip69
\c@ALG@Lnr=\count311
\c@ALG@blocknr=\count312
\c@ALG@storecount=\count313
\c@ALG@tmpcounter=\count314
\ALG@tmplength=\skip70
)
Document Style - pseudocode environments for use with the `algorithmicx' style
) (/usr/share/texlive/texmf-dist/tex/latex/cite/cite.sty
LaTeX Info: Redefining \cite on input line 302.
LaTeX Info: Redefining \nocite on input line 332.
Package: cite 2015/02/27  v 5.5
) (./tables/required_target_numbers.tex)
\c@theorem=\count315
\c@proposition=\count316
\c@remark=\count317
 (/usr/share/texlive/texmf-dist/tex/latex/l3backend/l3backend-pdftex.def
File: l3backend-pdftex.def 2024-01-04 L3 backend support: PDF output (pdfTeX)
\l__color_backend_stack_int=\count318
\l__pdf_internal_box=\box66
) (./main.aux)
\openout1 = `main.aux'.

LaTeX Font Info:    Checking defaults for OML/cmm/m/it on input line 47.
LaTeX Font Info:    ... okay on input line 47.
LaTeX Font Info:    Checking defaults for OMS/cmsy/m/n on input line 47.
LaTeX Font Info:    ... okay on input line 47.
LaTeX Font Info:    Checking defaults for OT1/cmr/m/n on input line 47.
LaTeX Font Info:    ... okay on input line 47.
LaTeX Font Info:    Checking defaults for T1/cmr/m/n on input line 47.
LaTeX Font Info:    ... okay on input line 47.
LaTeX Font Info:    Checking defaults for TS1/cmr/m/n on input line 47.
LaTeX Font Info:    ... okay on input line 47.
LaTeX Font Info:    Checking defaults for OMX/cmex/m/n on input line 47.
LaTeX Font Info:    ... okay on input line 47.
LaTeX Font Info:    Checking defaults for U/cmr/m/n on input line 47.
LaTeX Font Info:    ... okay on input line 47.
LaTeX Font Info:    Checking defaults for PD1/pdf/m/n on input line 47.
LaTeX Font Info:    ... okay on input line 47.
LaTeX Font Info:    Checking defaults for PU/pdf/m/n on input line 47.
LaTeX Font Info:    ... okay on input line 47.
 (/usr/share/texlive/texmf-dist/tex/context/base/mkii/supp-pdf.mkii
[Loading MPS to PDF converter (version 2006.09.02).]
\scratchcounter=\count319
\scratchdimen=\dimen262
\scratchbox=\box67
\nofMPsegments=\count320
\nofMParguments=\count321
\everyMPshowfont=\toks36
\MPscratchCnt=\count322
\MPscratchDim=\dimen263
\MPnumerator=\count323
\makeMPintoPDFobject=\count324
\everyMPtoPDFconversion=\toks37
) (/usr/share/texlive/texmf-dist/tex/latex/epstopdf-pkg/epstopdf-base.sty
Package: epstopdf-base 2020-01-24 v2.11 Base part for package epstopdf
Package epstopdf-base Info: Redefining graphics rule for `.eps' on input line 485.
 (/usr/share/texlive/texmf-dist/tex/latex/latexconfig/epstopdf-sys.cfg
File: epstopdf-sys.cfg 2010/07/13 v1.3 Configuration of (r)epstopdf for TeX Live
))
Package hyperref Info: Link coloring ON on input line 47.
 (./main.out) (./main.out)
\@outlinefile=\write3
\openout3 = `main.out'.

Package caption Info: Begin \AtBeginDocument code.
Package caption Info: subfig package v1.3 is loaded.
Package caption Info: End \AtBeginDocument code.
LaTeX Font Info:    Trying to load font information for OT1+phv on input line 71.
 (/usr/share/texlive/texmf-dist/tex/latex/psnfss/ot1phv.fd
File: ot1phv.fd 2020/03/25 scalable font definitions for OT1/phv.
)
LaTeX Font Info:    Calculating math sizes for size <8.25> on input line 71.
LaTeX Font Info:    Trying to load font information for U+msa on input line 71.
 (/usr/share/texlive/texmf-dist/tex/latex/amsfonts/umsa.fd
File: umsa.fd 2013/01/14 v3.01 AMS symbols A
)
LaTeX Font Info:    Trying to load font information for U+msb on input line 71.
 (/usr/share/texlive/texmf-dist/tex/latex/amsfonts/umsb.fd
File: umsb.fd 2013/01/14 v3.01 AMS symbols B
)
LaTeX Font Info:    Trying to load font information for TS1+ptm on input line 71.
 (/usr/share/texlive/texmf-dist/tex/latex/psnfss/ts1ptm.fd
File: ts1ptm.fd 2001/06/04 font definitions for TS1/ptm.
)

pdfTeX warning: pdflatex (file ./figures/fig01_framework/viability_preserving_rollout_adp.pdf): PDF inclusion: found PDF version <1.7>, but at most version <1.5> allowed
<figures/fig01_framework/viability_preserving_rollout_adp.pdf, id=119, 517.84016pt x 305.1558pt>
File: figures/fig01_framework/viability_preserving_rollout_adp.pdf Graphic file (type pdf)
<use figures/fig01_framework/viability_preserving_rollout_adp.pdf>
Package pdftex.def Info: figures/fig01_framework/viability_preserving_rollout_adp.pdf  used on input line 91.
(pdftex.def)             Requested size: 492.0pt x 289.94292pt.

Underfull \vbox (badness 5637) has occurred while \output is active []

 [1

{/var/lib/texmf/fonts/map/pdftex/updmap/pdftex.map}{/usr/share/texlive/texmf-dist/fonts/enc/dvips/base/8r.enc}]
LaTeX Font Info:    Calculating math sizes for size <10.28844> on input line 103.

Underfull \vbox (badness 10000) has occurred while \output is active []


Underfull \hbox (badness 6445) in paragraph at lines 112--113
[]\OT1/ptm/m/it/10.28844 Relative mo-tion and in-spec-tion plan-ning: \OT1/ptm/m/n/10.28844 The
 []


Underfull \vbox (badness 10000) has occurred while \output is active []

 [2 <./figures/fig01_framework/viability_preserving_rollout_adp.pdf>]
Underfull \hbox (badness 10000) in paragraph at lines 145--145
[]|\OT1/ptm/m/n/8.25 Mesh-based sam-pled
 []


Underfull \hbox (badness 7540) in paragraph at lines 150--151
[]\OT1/ptm/m/n/10.28844 The in-spected struc-ture is fixed in a local-
 []


Underfull \hbox (badness 2150) in paragraph at lines 169--171
\OT1/ptm/m/n/10.28844 The im-ple-men-ta-tion con-structs and prop-a-gates each
 []


Underfull \hbox (badness 2080) in paragraph at lines 169--171
\OT1/ptm/m/n/10.28844 in-te-gra-tion un-der the same piecewise-constant in-put
 []

[3] [4] [5]

pdfTeX warning: pdflatex (file ./figures/fig02_rollout_example/adp_rollout_mechanism.pdf): PDF inclusion: found PDF version <1.7>, but at most version <1.5> allowed
<figures/fig02_rollout_example/adp_rollout_mechanism.pdf, id=295, 240.0pt x 276.0pt>
File: figures/fig02_rollout_example/adp_rollout_mechanism.pdf Graphic file (type pdf)
<use figures/fig02_rollout_example/adp_rollout_mechanism.pdf>
Package pdftex.def Info: figures/fig02_rollout_example/adp_rollout_mechanism.pdf  used on input line 323.
(pdftex.def)             Requested size: 240.0pt x 276.01616pt.
Package hyperref Info: bookmark level for unknown algorithm defaults to 0 on input line 329.

Underfull \hbox (badness 1990) in paragraph at lines 352--353
[]\OT1/ptm/m/n/10.28844 The cov-er-age re-sult be-low records the stan-dard
 []

[6 <./figures/fig02_rollout_example/adp_rollout_mechanism.pdf>]
Underfull \hbox (badness 3579) in paragraph at lines 386--387
\OT1/ptm/m/n/10.28844 si-tion is a finite-record com-po-si-tion re-sult, not a
 []


Underfull \hbox (badness 2253) in paragraph at lines 400--401
[][]\OT1/ptm/m/sc/10.28844 Proposition \OT1/ptm/m/n/10.28844 5 (Base-pol-icy no-degra-da-tion) []\OT1/ptm/m/it/10.28844 If the
 []

(./sections/required_target_study.tex (./tables/required_target_profiles.tex) [7]
Underfull \hbox (badness 1472) in paragraph at lines 32--33
[]\OT1/ptm/m/n/10.28844 Complete-route tim-ing in-cludes pre-lim-i-nary base-
 []

(./tables/required_target_depth_rationale.tex)
Underfull \hbox (badness 2538) in paragraph at lines 5--35
[]\OT1/ptm/m/n/10.28844 The fixed depth-three set-ting there-fore of-fers a
 []

(./tables/required_target_depth_table.tex)
<figures/fig03_depth_tradeoff/adp_depth_tradeoff_a.pdf, id=361, 75.68433pt x 113.81102pt>
File: figures/fig03_depth_tradeoff/adp_depth_tradeoff_a.pdf Graphic file (type pdf)
<use figures/fig03_depth_tradeoff/adp_depth_tradeoff_a.pdf>
Package pdftex.def Info: figures/fig03_depth_tradeoff/adp_depth_tradeoff_a.pdf  used on input line 40.
(pdftex.def)             Requested size: 75.60059pt x 113.6909pt.

Underfull \hbox (badness 4940) in paragraph at lines 40--40
[]\OT1/ptm/m/n/8.25 (a) |Mean val-i-da-tion
 []

<figures/fig03_depth_tradeoff/adp_depth_tradeoff_b.pdf, id=362, 75.68433pt x 113.81102pt>
File: figures/fig03_depth_tradeoff/adp_depth_tradeoff_b.pdf Graphic file (type pdf)
<use figures/fig03_depth_tradeoff/adp_depth_tradeoff_b.pdf>
Package pdftex.def Info: figures/fig03_depth_tradeoff/adp_depth_tradeoff_b.pdf  used on input line 41.
(pdftex.def)             Requested size: 75.60059pt x 113.6909pt.

Underfull \hbox (badness 1515) in paragraph at lines 41--41
[]\OT1/ptm/m/n/8.25 (b) |Me-dian plan-ning
 []

<figures/fig03_depth_tradeoff/adp_depth_tradeoff_c.pdf, id=363, 75.68433pt x 113.81102pt>
File: figures/fig03_depth_tradeoff/adp_depth_tradeoff_c.pdf Graphic file (type pdf)
<use figures/fig03_depth_tradeoff/adp_depth_tradeoff_c.pdf>
Package pdftex.def Info: figures/fig03_depth_tradeoff/adp_depth_tradeoff_c.pdf  used on input line 42.
(pdftex.def)             Requested size: 75.60059pt x 113.6909pt.

Underfull \vbox (badness 10000) has occurred while \output is active []

 [8] (./tables/required_target_profile_results.tex) (./tables/required_target_aggregate.tex)
Underfull \vbox (badness 3260) has occurred while \output is active []

 (./tables/required_target_paired.tex)
<figures/fig04_heldout_performance/adp_heldout_performance_a.pdf, id=376, 117.59999pt x 112.42pt>
File: figures/fig04_heldout_performance/adp_heldout_performance_a.pdf Graphic file (type pdf)
<use figures/fig04_heldout_performance/adp_heldout_performance_a.pdf>
Package pdftex.def Info: figures/fig04_heldout_performance/adp_heldout_performance_a.pdf  used on input line 79.
(pdftex.def)             Requested size: 117.60132pt x 112.42657pt.
<figures/fig04_heldout_performance/adp_heldout_performance_b.pdf, id=377, 117.59999pt x 112.42pt>
File: figures/fig04_heldout_performance/adp_heldout_performance_b.pdf Graphic file (type pdf)
<use figures/fig04_heldout_performance/adp_heldout_performance_b.pdf>
Package pdftex.def Info: figures/fig04_heldout_performance/adp_heldout_performance_b.pdf  used on input line 80.
(pdftex.def)             Requested size: 117.60132pt x 112.42657pt.
<figures/fig04_heldout_performance/adp_heldout_performance_c.pdf, id=378, 117.59999pt x 112.42pt>
File: figures/fig04_heldout_performance/adp_heldout_performance_c.pdf Graphic file (type pdf)
<use figures/fig04_heldout_performance/adp_heldout_performance_c.pdf>
Package pdftex.def Info: figures/fig04_heldout_performance/adp_heldout_performance_c.pdf  used on input line 81.
(pdftex.def)             Requested size: 117.60132pt x 112.42657pt.
<figures/fig04_heldout_performance/adp_heldout_performance_d.pdf, id=379, 117.59999pt x 112.42pt>
File: figures/fig04_heldout_performance/adp_heldout_performance_d.pdf Graphic file (type pdf)
<use figures/fig04_heldout_performance/adp_heldout_performance_d.pdf>
Package pdftex.def Info: figures/fig04_heldout_performance/adp_heldout_performance_d.pdf  used on input line 82.
(pdftex.def)             Requested size: 117.60132pt x 112.42657pt.
 (./tables/required_target_objective_ablation.tex
Underfull \vbox (badness 10000) has occurred while \output is active []

 [9 <./figures/fig03_depth_tradeoff/adp_depth_tradeoff_a.pdf> <./figures/fig03_depth_tradeoff/adp_depth_tradeoff_b.pdf> <./figures/fig03_depth_tradeoff/adp_depth_tradeoff_c.pdf>])
Underfull \vbox (badness 10000) has occurred while \output is active []

<figures/fig05_ablation_safety/adp_ablation_safety_a.pdf, id=449, 110.40001pt x 101.37875pt>
File: figures/fig05_ablation_safety/adp_ablation_safety_a.pdf Graphic file (type pdf)
<use figures/fig05_ablation_safety/adp_ablation_safety_a.pdf>
Package pdftex.def Info: figures/fig05_ablation_safety/adp_ablation_safety_a.pdf  used on input line 99.
(pdftex.def)             Requested size: 110.40161pt x 101.38004pt.
<figures/fig05_ablation_safety/adp_ablation_safety_b.pdf, id=450, 129.6pt x 101.37875pt>
File: figures/fig05_ablation_safety/adp_ablation_safety_b.pdf Graphic file (type pdf)
<use figures/fig05_ablation_safety/adp_ablation_safety_b.pdf>
Package pdftex.def Info: figures/fig05_ablation_safety/adp_ablation_safety_b.pdf  used on input line 100.
(pdftex.def)             Requested size: 129.59839pt x 101.38158pt.
<figures/fig05_ablation_safety/adp_ablation_safety_legend.pdf, id=451, 240.0pt x 18.0675pt>
File: figures/fig05_ablation_safety/adp_ablation_safety_legend.pdf Graphic file (type pdf)
<use figures/fig05_ablation_safety/adp_ablation_safety_legend.pdf>
Package pdftex.def Info: figures/fig05_ablation_safety/adp_ablation_safety_legend.pdf  used on input line 101.
(pdftex.def)             Requested size: 240.0pt x 18.06854pt.
<figures/fig05_ablation_safety/adp_ablation_safety_c.pdf, id=452, 110.40001pt x 116.435pt>
File: figures/fig05_ablation_safety/adp_ablation_safety_c.pdf Graphic file (type pdf)
<use figures/fig05_ablation_safety/adp_ablation_safety_c.pdf>
Package pdftex.def Info: figures/fig05_ablation_safety/adp_ablation_safety_c.pdf  used on input line 102.
(pdftex.def)             Requested size: 110.40161pt x 116.43648pt.
<figures/fig05_ablation_safety/adp_ablation_safety_d.pdf, id=453, 129.6pt x 116.435pt>
File: figures/fig05_ablation_safety/adp_ablation_safety_d.pdf Graphic file (type pdf)
<use figures/fig05_ablation_safety/adp_ablation_safety_d.pdf>
Package pdftex.def Info: figures/fig05_ablation_safety/adp_ablation_safety_d.pdf  used on input line 103.
(pdftex.def)             Requested size: 129.59839pt x 116.43825pt.
 (./tables/required_target_case.tex) [10 <./figures/fig04_heldout_performance/adp_heldout_performance_a.pdf> <./figures/fig04_heldout_performance/adp_heldout_performance_b.pdf> <./figures/fig04_heldout_performance/adp_heldout_performance_c.pdf> <./figures/fig04_heldout_performance/adp_heldout_performance_d.pdf>]
<figures/fig06_representative_trajectory/adp_representative_trajectory_a.pdf, id=564, 203.74759pt x 179.29353pt>
File: figures/fig06_representative_trajectory/adp_representative_trajectory_a.pdf Graphic file (type pdf)
<use figures/fig06_representative_trajectory/adp_representative_trajectory_a.pdf>
Package pdftex.def Info: figures/fig06_representative_trajectory/adp_representative_trajectory_a.pdf  used on input line 118.
(pdftex.def)             Requested size: 162.00073pt x 142.56503pt.
<figures/fig06_representative_trajectory/adp_representative_trajectory_b.pdf, id=565, 170.65256pt x 184.22514pt>
File: figures/fig06_representative_trajectory/adp_representative_trajectory_b.pdf Graphic file (type pdf)
<use figures/fig06_representative_trajectory/adp_representative_trajectory_b.pdf>
Package pdftex.def Info: figures/fig06_representative_trajectory/adp_representative_trajectory_b.pdf  used on input line 120.
(pdftex.def)             Requested size: 104.39941pt x 112.70323pt.
<figures/fig06_representative_trajectory/adp_representative_trajectory_c.pdf, id=566, 169.401pt x 184.22514pt>
File: figures/fig06_representative_trajectory/adp_representative_trajectory_c.pdf Graphic file (type pdf)
<use figures/fig06_representative_trajectory/adp_representative_trajectory_c.pdf>
Package pdftex.def Info: figures/fig06_representative_trajectory/adp_representative_trajectory_c.pdf  used on input line 121.
(pdftex.def)             Requested size: 104.39941pt x 113.53531pt.

Underfull \vbox (badness 1077) has occurred while \output is active []

 (./sections/ros_verification_results.tex
<figures/fig07_ros_camera_views/ros_key_camera_views_trajectory.pdf, id=567, 483.69685pt x 133.72795pt>
File: figures/fig07_ros_camera_views/ros_key_camera_views_trajectory.pdf Graphic file (type pdf)
<use figures/fig07_ros_camera_views/ros_key_camera_views_trajectory.pdf>
Package pdftex.def Info: figures/fig07_ros_camera_views/ros_key_camera_views_trajectory.pdf  used on input line 4.
(pdftex.def)             Requested size: 492.0pt x 136.02524pt.

Underfull \hbox (badness 1360) in paragraph at lines 19--20
[]\OT1/ptm/m/n/10.28844 The sub-se-quent normal-speed graph-i-cal run used
 []


Underfull \vbox (badness 1609) has occurred while \output is active []

 [11 <./figures/fig05_ablation_safety/adp_ablation_safety_a.pdf> <./figures/fig05_ablation_safety/adp_ablation_safety_b.pdf> <./figures/fig05_ablation_safety/adp_ablation_safety_legend.pdf> <./figures/fig05_ablation_safety/adp_ablation_safety_c.pdf> <./figures/fig05_ablation_safety/adp_ablation_safety_d.pdf> <./figures/fig06_representative_trajectory/adp_representative_trajectory_a.pdf> <./figures/fig06_representative_trajectory/adp_representative_trajectory_b.pdf> <./figures/fig06_representative_trajectory/adp_representative_trajectory_c.pdf>]
<figures/fig08_rviz_overview/rviz_execution_overview.pdf, id=723, 241.84843pt x 130.88269pt>
File: figures/fig08_rviz_overview/rviz_execution_overview.pdf Graphic file (type pdf)
<use figures/fig08_rviz_overview/rviz_execution_overview.pdf>
Package pdftex.def Info: figures/fig08_rviz_overview/rviz_execution_overview.pdf  used on input line 33.
(pdftex.def)             Requested size: 240.0pt x 129.88379pt.
)
Underfull \vbox (badness 1184) has occurred while \output is active []

 [12 <./figures/fig07_ros_camera_views/ros_key_camera_views_trajectory.pdf> <./figures/fig08_rviz_overview/rviz_execution_overview.pdf>]) (./main.bbl
Underfull \hbox (badness 1796) in paragraph at lines 120--121
\OT1/ptm/m/n/8.25 Space Sta-tion glTF Model,'' [][]$https : / / science . nasa . gov / resource /
 []


Underfull \hbox (badness 2689) in paragraph at lines 120--121
\OT1/ptm/m/n/8.25 international-[]space-[]station-[]3d-[]model/$[][], 2019, up-dated Nov. 2,
 []

) [13] (./main.aux)
 ***********
LaTeX2e <2023-11-01> patch level 1
L3 programming layer <2024-01-22>
 ***********
Package rerunfilecheck Info: File `main.out' has not changed.
(rerunfilecheck)             Checksum: 2F3763A339DD86C3C994A5D6EA953AA5;5230.
 ) 
Here is how much of TeX's memory you used:
 13347 strings out of 476106
 220570 string characters out of 5793933
 1954975 words of memory out of 5000000
 34982 multiletter control sequences out of 15000+600000
 602676 words of font info for 127 fonts, out of 8000000 for 9000
 59 hyphenation exceptions out of 8191
 90i,15n,93p,1533b,575s stack positions out of 10000i,1000n,20000p,200000b,200000s
</usr/share/texlive/texmf-dist/fonts/type1/public/amsfonts/cm/cmbx10.pfb></usr/share/texlive/texmf-dist/fonts/type1/public/amsfonts/cm/cmbx7.pfb></usr/share/texlive/texmf-dist/fonts/type1/public/amsfonts/cm/cmbx8.pfb></usr/share/texlive/texmf-dist/fonts/type1/public/amsfonts/cm/cmex10.pfb></usr/share/texlive/texmf-dist/fonts/type1/public/amsfonts/cmextra/cmex8.pfb></usr/share/texlive/texmf-dist/fonts/type1/public/amsfonts/cm/cmmi10.pfb></usr/share/texlive/texmf-dist/fonts/type1/public/amsfonts/cm/cmmi5.pfb></usr/share/texlive/texmf-dist/fonts/type1/public/amsfonts/cm/cmmi6.pfb></usr/share/texlive/texmf-dist/fonts/type1/public/amsfonts/cm/cmmi7.pfb></usr/share/texlive/texmf-dist/fonts/type1/public/amsfonts/cm/cmmi8.pfb></usr/share/texlive/texmf-dist/fonts/type1/public/amsfonts/cm/cmr10.pfb></usr/share/texlive/texmf-dist/fonts/type1/public/amsfonts/cm/cmr5.pfb></usr/share/texlive/texmf-dist/fonts/type1/public/amsfonts/cm/cmr6.pfb></usr/share/texlive/texmf-dist/fonts/type1/public/amsfonts/cm/cmr7.pfb></usr/share/texlive/texmf-dist/fonts/type1/public/amsfonts/cm/cmr8.pfb></usr/share/texlive/texmf-dist/fonts/type1/public/amsfonts/cm/cmss8.pfb></usr/share/texlive/texmf-dist/fonts/type1/public/amsfonts/cm/cmsy10.pfb></usr/share/texlive/texmf-dist/fonts/type1/public/amsfonts/cm/cmsy5.pfb></usr/share/texlive/texmf-dist/fonts/type1/public/amsfonts/cm/cmsy6.pfb></usr/share/texlive/texmf-dist/fonts/type1/public/amsfonts/cm/cmsy7.pfb></usr/share/texlive/texmf-dist/fonts/type1/public/amsfonts/cm/cmsy8.pfb></usr/share/texlive/texmf-dist/fonts/type1/public/amsfonts/symbols/msbm10.pfb></usr/share/texlive/texmf-dist/fonts/type1/urw/helvetic/uhvr8a.pfb></usr/share/texlive/texmf-dist/fonts/type1/urw/times/utmb8a.pfb></usr/share/texlive/texmf-dist/fonts/type1/urw/times/utmbi8a.pfb></usr/share/texlive/texmf-dist/fonts/type1/urw/times/utmr8a.pfb></usr/share/texlive/texmf-dist/fonts/type1/urw/times/utmri8a.pfb>
Output written on main.pdf (13 pages, 6039097 bytes).
PDF statistics:
 955 PDF objects out of 1000 (max. 8388607)
 682 compressed objects within 7 object streams
 146 named destinations out of 1000 (max. 500000)
 304 words of extra memory for PDF output out of 10000 (max. 10000000)

