{
  "event_accounting_passed": true,
  "accepted_target_ids": [
    "mesh_00001",
    "mesh_00005",
    "mesh_00006",
    "mesh_00008",
    "mesh_00010",
    "mesh_00015",
    "mesh_00016",
    "mesh_00019",
    "mesh_00020",
    "mesh_00024",
    "mesh_00025",
    "mesh_00028",
    "mesh_00029",
    "mesh_00033",
    "mesh_00039",
    "mesh_00041",
    "mesh_00048",
    "mesh_00049",
    "mesh_00052",
    "mesh_00053",
    "mesh_00055",
    "mesh_00059",
    "mesh_00060",
    "mesh_00064",
    "mesh_00065",
    "mesh_00088"
  ],
  "required_target_count": 9,
  "accepted_required_count": 7,
  "missing_required_target_ids": [
    "mesh_00007",
    "mesh_00079"
  ],
  "accepted_observations": 7,
  "rejected_observations": 2,
  "schema_version": "orbinspect-required-target-ros-audit/v1",
  "scenario_id": "required09_test_000",
  "method": "adaptive_rollout_adp",
  "mission_sha256": "b9e4fd35640bda2a8258f0603ee2daa12883072d67f35817bbcf81b5b1b3738d",
  "terminal": {
    "coverage_ratio": 0.6591623305427504,
    "credited_actions": 7,
    "credited_target_count": 26,
    "credited_target_ids": [
      "mesh_00001",
      "mesh_00005",
      "mesh_00006",
      "mesh_00008",
      "mesh_00010",
      "mesh_00015",
      "mesh_00016",
      "mesh_00019",
      "mesh_00020",
      "mesh_00024",
      "mesh_00025",
      "mesh_00028",
      "mesh_00029",
      "mesh_00033",
      "mesh_00039",
      "mesh_00041",
      "mesh_00048",
      "mesh_00049",
      "mesh_00052",
      "mesh_00053",
      "mesh_00055",
      "mesh_00059",
      "mesh_00060",
      "mesh_00064",
      "mesh_00065",
      "mesh_00088"
    ],
    "current_waypoint_id": "",
    "current_waypoint_index": 9,
    "event": "mission_failed",
    "failed_actions": 2,
    "goal_mode": "required",
    "missing_required_target_ids": [
      "mesh_00007",
      "mesh_00079"
    ],
    "mission_goal_reached": false,
    "mission_sha256": "b9e4fd35640bda2a8258f0603ee2daa12883072d67f35817bbcf81b5b1b3738d",
    "reason": "terminal_tracking_or_coverage_gate_failed",
    "required_coverage_ratio": 0.7777777777777778,
    "required_covered_count": 7,
    "required_target_count": 9,
    "required_targets_complete": false,
    "state": "failed",
    "success": false,
    "time": 810.03545312,
    "total_target_count": 41,
    "unweighted_coverage_ratio": 0.6341463414634146,
    "bag_receipt_time_s": 1788924446.2099526
  },
  "gates": {
    "closed_loop_execution": true,
    "frozen_input_hashes": true,
    "event_accounting": true,
    "independent_event_topics_agree": true,
    "summary_terminal_event_agrees": true,
    "all_required_targets_accepted": false,
    "all_observations_accepted": false,
    "mission_success": false,
    "full_mesh_execution_audit": false
  },
  "passed": false,
  "planned_delta_v_mps": 13.768885294460114,
  "executed_delta_v_until_terminal_mps": 15.319716473911619,
  "control_integral_definition": "Zero-order hold of safe-command norms, from first stamped command to receipt of the final verification event; recording brackets the integration endpoint.",
  "logged_whole_run_delta_v_mps": 15.431223724836496,
  "mission_epoch_receipt_spread_s": 0.00026345252990722656,
  "maximum_safe_control_stamp_gap_s": 0.051969051361083984,
  "control_message_count": 16391,
  "filter_intervention_samples": 1236,
  "physical_mesh_gates": {
    "acceleration_limit": true,
    "control_samples_present": true,
    "finite_body_safety_margin": true,
    "full_mesh_safety_margin": true,
    "no_full_mesh_surface_crossing": true,
    "trajectory_samples_present": true
  },
  "audit_script_sha256": "3e377978758be2ce56da5d79387fd1ff7d41e69df1f20649d46f8c41ecfd754d"
}
