make: Entering directory '/home/rugang/robotics/projects/OrbInspect/OrbInspectLatex'
latexmk -pdf -interaction=nonstopmode -halt-on-error -file-line-error main.tex
Rc files read:
  /etc/LatexMk
  .latexmkrc
Latexmk: This is Latexmk, John Collins, 31 Jan. 2024. Version 4.83.
Latexmk: applying rule 'pdflatex'...
Rule 'pdflatex':  Reasons for rerun
Changed files or newly in use/created:
  sections/ros_verification_results.tex
Category 'changed_user':
  sections/ros_verification_results.tex

------------
Run number 1 of rule 'pdflatex'
------------
------------
Running 'pdflatex -synctex=1  -interaction=nonstopmode -halt-on-error -file-line-error -recorder -output-directory="build"  "main.tex"'
------------
This is pdfTeX, Version 3.141592653-2.6-1.40.25 (TeX Live 2023/Debian) (preloaded format=pdflatex)
 restricted \write18 enabled.
entering extended mode
(./main.tex
LaTeX2e <2023-11-01> patch level 1
L3 programming layer <2024-01-22>
(./IEEEtaes.cls
Document Class: IEEEtaes 2022/02/15 V1.1
-- See the "IEEE Aerospace and Electronic Systems" manual for usage information
.
(/usr/share/texlive/texmf-dist/tex/latex/psnfss/ot1ptm.fd)
-- Using 8.25in x 10.75in (IEEE Photonics PaperSize) paper.
-- Using PDF output.
-- This is a 10 point document.
(/usr/share/texlive/texmf-dist/tex/latex/graphics/color.sty
(/usr/share/texlive/texmf-dist/tex/latex/graphics-cfg/color.cfg)
(/usr/share/texlive/texmf-dist/tex/latex/graphics-def/pdftex.def)
(/usr/share/texlive/texmf-dist/tex/latex/graphics/mathcolor.ltx))
(/usr/share/texlive/texmf-dist/tex/generic/iftex/ifpdf.sty
(/usr/share/texlive/texmf-dist/tex/generic/iftex/iftex.sty))
(/usr/share/texlive/texmf-dist/tex/latex/wrapfig/wrapfig.sty)
(/usr/share/texlive/texmf-dist/tex/latex/tools/array.sty)
(/usr/share/texlive/texmf-dist/tex/latex/hyperref/hyperref.sty
(/usr/share/texlive/texmf-dist/tex/latex/graphics/keyval.sty)
(/usr/share/texlive/texmf-dist/tex/latex/kvsetkeys/kvsetkeys.sty)
(/usr/share/texlive/texmf-dist/tex/generic/kvdefinekeys/kvdefinekeys.sty)
(/usr/share/texlive/texmf-dist/tex/generic/pdfescape/pdfescape.sty
(/usr/share/texlive/texmf-dist/tex/generic/ltxcmds/ltxcmds.sty)
(/usr/share/texlive/texmf-dist/tex/generic/pdftexcmds/pdftexcmds.sty
(/usr/share/texlive/texmf-dist/tex/generic/infwarerr/infwarerr.sty)))
(/usr/share/texlive/texmf-dist/tex/latex/hycolor/hycolor.sty)
(/usr/share/texlive/texmf-dist/tex/latex/auxhook/auxhook.sty)
(/usr/share/texlive/texmf-dist/tex/latex/hyperref/nameref.sty
(/usr/share/texlive/texmf-dist/tex/latex/refcount/refcount.sty)
(/usr/share/texlive/texmf-dist/tex/generic/gettitlestring/gettitlestring.sty
(/usr/share/texlive/texmf-dist/tex/latex/kvoptions/kvoptions.sty)))
(/usr/share/texlive/texmf-dist/tex/latex/etoolbox/etoolbox.sty)
(/usr/share/texlive/texmf-dist/tex/latex/hyperref/pd1enc.def)
(/usr/share/texlive/texmf-dist/tex/generic/intcalc/intcalc.sty)
(/usr/share/texlive/texmf-dist/tex/latex/hyperref/puenc.def)
(/usr/share/texlive/texmf-dist/tex/latex/url/url.sty)
(/usr/share/texlive/texmf-dist/tex/generic/bitset/bitset.sty
(/usr/share/texlive/texmf-dist/tex/generic/bigintcalc/bigintcalc.sty))
(/usr/share/texlive/texmf-dist/tex/latex/base/atbegshi-ltx.sty))
(/usr/share/texlive/texmf-dist/tex/latex/hyperref/hpdftex.def
(/usr/share/texlive/texmf-dist/tex/latex/base/atveryend-ltx.sty)
(/usr/share/texlive/texmf-dist/tex/latex/rerunfilecheck/rerunfilecheck.sty
(/usr/share/texlive/texmf-dist/tex/generic/uniquecounter/uniquecounter.sty))))
(/usr/share/texlive/texmf-dist/tex/latex/amscls/amsthm.sty)
(/usr/share/texlive/texmf-dist/tex/latex/amsmath/amsmath.sty
For additional information on amsmath, use the `?' option.
(/usr/share/texlive/texmf-dist/tex/latex/amsmath/amstext.sty
(/usr/share/texlive/texmf-dist/tex/latex/amsmath/amsgen.sty))
(/usr/share/texlive/texmf-dist/tex/latex/amsmath/amsbsy.sty)
(/usr/share/texlive/texmf-dist/tex/latex/amsmath/amsopn.sty))
(/usr/share/texlive/texmf-dist/tex/latex/amsfonts/amssymb.sty
(/usr/share/texlive/texmf-dist/tex/latex/amsfonts/amsfonts.sty))
(/usr/share/texlive/texmf-dist/tex/latex/booktabs/booktabs.sty)
(/usr/share/texlive/texmf-dist/tex/latex/float/float.sty)
(/usr/share/texlive/texmf-dist/tex/latex/graphics/graphicx.sty
(/usr/share/texlive/texmf-dist/tex/latex/graphics/graphics.sty
(/usr/share/texlive/texmf-dist/tex/latex/graphics/trig.sty)
(/usr/share/texlive/texmf-dist/tex/latex/graphics-cfg/graphics.cfg)))
(/usr/share/texlive/texmf-dist/tex/latex/subfig/subfig.sty
(/usr/share/texlive/texmf-dist/tex/latex/caption/caption3.sty))
(/usr/share/texlive/texmf-dist/tex/latex/tools/tabularx.sty)
(/usr/share/texlive/texmf-dist/tex/latex/base/textcomp.sty)
(/usr/share/texlive/texmf-dist/tex/latex/algorithms/algorithm.sty
(/usr/share/texlive/texmf-dist/tex/latex/base/ifthen.sty))
(/usr/share/texlive/texmf-dist/tex/latex/algorithmicx/algpseudocode.sty
(/usr/share/texlive/texmf-dist/tex/latex/algorithmicx/algorithmicx.sty
Document Style algorithmicx 1.2 - a greatly improved `algorithmic' style
)
Document Style - pseudocode environments for use with the `algorithmicx' style
) (/usr/share/texlive/texmf-dist/tex/latex/cite/cite.sty)
(./tables/required_target_numbers.tex)
(/usr/share/texlive/texmf-dist/tex/latex/l3backend/l3backend-pdftex.def)
(build/main.aux)
(/usr/share/texlive/texmf-dist/tex/context/base/mkii/supp-pdf.mkii
[Loading MPS to PDF converter (version 2006.09.02).]
) (/usr/share/texlive/texmf-dist/tex/latex/epstopdf-pkg/epstopdf-base.sty
(/usr/share/texlive/texmf-dist/tex/latex/latexconfig/epstopdf-sys.cfg))
(build/main.out) (build/main.out)
(/usr/share/texlive/texmf-dist/tex/latex/psnfss/ot1phv.fd)
(/usr/share/texlive/texmf-dist/tex/latex/amsfonts/umsa.fd)
(/usr/share/texlive/texmf-dist/tex/latex/amsfonts/umsb.fd)
(/usr/share/texlive/texmf-dist/tex/latex/psnfss/ts1ptm.fd)

pdfTeX warning: pdflatex (file ./figures/fig01_framework/viability_preserving_r
ollout_adp.pdf): PDF inclusion: found PDF version <1.7>, but at most version <1
.5> allowed

Underfull \vbox (badness 5637) has occurred while \output is active [1{/var/lib
/texmf/fonts/map/pdftex/updmap/pdftex.map}{/usr/share/texlive/texmf-dist/fonts/
enc/dvips/base/8r.enc}]
Underfull \vbox (badness 10000) has occurred while \output is active
Underfull \hbox (badness 6445) in paragraph at lines 112--113
[]\OT1/ptm/m/it/10.28844 Relative mo-tion and in-spec-tion plan-ning: \OT1/ptm/
m/n/10.28844 The

Underfull \vbox (badness 10000) has occurred while \output is active [2 <./figu
res/fig01_framework/viability_preserving_rollout_adp.pdf>]
Underfull \hbox (badness 10000) in paragraph at lines 145--145
[]|\OT1/ptm/m/n/8.25 Mesh-based sam-pled

Underfull \hbox (badness 7540) in paragraph at lines 150--151
[]\OT1/ptm/m/n/10.28844 The in-spected struc-ture is fixed in a local-

Underfull \hbox (badness 2150) in paragraph at lines 169--171
\OT1/ptm/m/n/10.28844 The im-ple-men-ta-tion con-structs and prop-a-gates each

Underfull \hbox (badness 2080) in paragraph at lines 169--171
\OT1/ptm/m/n/10.28844 in-te-gra-tion un-der the same piecewise-constant in-put
[3] [4] [5]

pdfTeX warning: pdflatex (file ./figures/fig02_rollout_example/adp_rollout_mech
anism.pdf): PDF inclusion: found PDF version <1.7>, but at most version <1.5> a
llowed

Underfull \hbox (badness 1990) in paragraph at lines 352--353
[]\OT1/ptm/m/n/10.28844 The cov-er-age re-sult be-low records the stan-dard
[6 <./figures/fig02_rollout_example/adp_rollout_mechanism.pdf>]
Underfull \hbox (badness 3579) in paragraph at lines 386--387
\OT1/ptm/m/n/10.28844 si-tion is a finite-record com-po-si-tion re-sult, not a

Underfull \hbox (badness 2253) in paragraph at lines 400--401
[][]\OT1/ptm/m/sc/10.28844 Proposition \OT1/ptm/m/n/10.28844 5 (Base-pol-icy no
-degra-da-tion) []\OT1/ptm/m/it/10.28844 If the
(./sections/required_target_study.tex (./tables/required_target_profiles.tex)
[7]
Underfull \hbox (badness 1472) in paragraph at lines 32--33
[]\OT1/ptm/m/n/10.28844 Complete-route tim-ing in-cludes pre-lim-i-nary base-
(./tables/required_target_depth_rationale.tex)
Underfull \hbox (badness 2538) in paragraph at lines 5--35
[]\OT1/ptm/m/n/10.28844 The fixed depth-three set-ting there-fore of-fers a
(./tables/required_target_depth_table.tex)
Underfull \hbox (badness 4940) in paragraph at lines 40--40
[]\OT1/ptm/m/n/8.25 (a) |Mean val-i-da-tion

Underfull \hbox (badness 1515) in paragraph at lines 41--41
[]\OT1/ptm/m/n/8.25 (b) |Me-dian plan-ning

Underfull \vbox (badness 10000) has occurred while \output is active [8]
(./tables/required_target_profile_results.tex)
(./tables/required_target_aggregate.tex)
Underfull \vbox (badness 3260) has occurred while \output is active
(./tables/required_target_paired.tex)
(./tables/required_target_objective_ablation.tex
Underfull \vbox (badness 10000) has occurred while \output is active [9 <./figu
res/fig03_depth_tradeoff/adp_depth_tradeoff_a.pdf> <./figures/fig03_depth_trade
off/adp_depth_tradeoff_b.pdf> <./figures/fig03_depth_tradeoff/adp_depth_tradeof
f_c.pdf>])
Underfull \vbox (badness 10000) has occurred while \output is active
(./tables/required_target_case.tex) [10 <./figures/fig04_heldout_performance/ad
p_heldout_performance_a.pdf> <./figures/fig04_heldout_performance/adp_heldout_p
erformance_b.pdf> <./figures/fig04_heldout_performance/adp_heldout_performance_
c.pdf> <./figures/fig04_heldout_performance/adp_heldout_performance_d.pdf>]
Underfull \vbox (badness 1077) has occurred while \output is active
(./sections/ros_verification_results.tex
Underfull \hbox (badness 1360) in paragraph at lines 19--20
[]\OT1/ptm/m/n/10.28844 The sub-se-quent normal-speed graph-i-cal run used

Underfull \vbox (badness 1609) has occurred while \output is active [11 <./figu
res/fig05_ablation_safety/adp_ablation_safety_a.pdf> <./figures/fig05_ablation_
safety/adp_ablation_safety_b.pdf> <./figures/fig05_ablation_safety/adp_ablation
_safety_legend.pdf> <./figures/fig05_ablation_safety/adp_ablation_safety_c.pdf>
 <./figures/fig05_ablation_safety/adp_ablation_safety_d.pdf> <./figures/fig06_r
epresentative_trajectory/adp_representative_trajectory_a.pdf> <./figures/fig06_
representative_trajectory/adp_representative_trajectory_b.pdf> <./figures/fig06
_representative_trajectory/adp_representative_trajectory_c.pdf>])
Underfull \vbox (badness 1184) has occurred while \output is active)
(./main.bbl
Underfull \vbox (badness 10000) has occurred while \output is active [12 <./fig
ures/fig07_ros_camera_views/ros_key_camera_views_trajectory.pdf>]
Underfull \hbox (badness 1796) in paragraph at lines 120--121
\OT1/ptm/m/n/8.25 Space Sta-tion glTF Model,'' [][]$https : / / science . nasa 
. gov / resource /

Underfull \hbox (badness 2689) in paragraph at lines 120--121
\OT1/ptm/m/n/8.25 international-[]space-[]station-[]3d-[]model/$[][], 2019, up-
dated Nov. 2,
) [13] (build/main.aux)

LaTeX Warning: Label(s) may have changed. Rerun to get cross-references right.

 )
(see the transcript file for additional information)</usr/share/texlive/texmf-d
ist/fonts/type1/public/amsfonts/cm/cmbx10.pfb></usr/share/texlive/texmf-dist/fo
nts/type1/public/amsfonts/cm/cmbx7.pfb></usr/share/texlive/texmf-dist/fonts/typ
e1/public/amsfonts/cm/cmbx8.pfb></usr/share/texlive/texmf-dist/fonts/type1/publ
ic/amsfonts/cm/cmex10.pfb></usr/share/texlive/texmf-dist/fonts/type1/public/ams
fonts/cmextra/cmex8.pfb></usr/share/texlive/texmf-dist/fonts/type1/public/amsfo
nts/cm/cmmi10.pfb></usr/share/texlive/texmf-dist/fonts/type1/public/amsfonts/cm
/cmmi5.pfb></usr/share/texlive/texmf-dist/fonts/type1/public/amsfonts/cm/cmmi6.
pfb></usr/share/texlive/texmf-dist/fonts/type1/public/amsfonts/cm/cmmi7.pfb></u
sr/share/texlive/texmf-dist/fonts/type1/public/amsfonts/cm/cmmi8.pfb></usr/shar
e/texlive/texmf-dist/fonts/type1/public/amsfonts/cm/cmr10.pfb></usr/share/texli
ve/texmf-dist/fonts/type1/public/amsfonts/cm/cmr5.pfb></usr/share/texlive/texmf
-dist/fonts/type1/public/amsfonts/cm/cmr6.pfb></usr/share/texlive/texmf-dist/fo
nts/type1/public/amsfonts/cm/cmr7.pfb></usr/share/texlive/texmf-dist/fonts/type
1/public/amsfonts/cm/cmr8.pfb></usr/share/texlive/texmf-dist/fonts/type1/public
/amsfonts/cm/cmss8.pfb></usr/share/texlive/texmf-dist/fonts/type1/public/amsfon
ts/cm/cmsy10.pfb></usr/share/texlive/texmf-dist/fonts/type1/public/amsfonts/cm/
cmsy5.pfb></usr/share/texlive/texmf-dist/fonts/type1/public/amsfonts/cm/cmsy6.p
fb></usr/share/texlive/texmf-dist/fonts/type1/public/amsfonts/cm/cmsy7.pfb></us
r/share/texlive/texmf-dist/fonts/type1/public/amsfonts/cm/cmsy8.pfb></usr/share
/texlive/texmf-dist/fonts/type1/public/amsfonts/symbols/msbm10.pfb></usr/share/
texlive/texmf-dist/fonts/type1/urw/helvetic/uhvr8a.pfb></usr/share/texlive/texm
f-dist/fonts/type1/urw/times/utmb8a.pfb></usr/share/texlive/texmf-dist/fonts/ty
pe1/urw/times/utmbi8a.pfb></usr/share/texlive/texmf-dist/fonts/type1/urw/times/
utmr8a.pfb></usr/share/texlive/texmf-dist/fonts/type1/urw/times/utmri8a.pfb>
Output written on build/main.pdf (13 pages, 5458842 bytes).
SyncTeX written on build/main.synctex.gz.
Transcript written on build/main.log.
Latexmk: Getting log file 'build/main.log'
Latexmk: Examining 'build/main.fls'
Latexmk: Examining 'build/main.log'
Latexmk: Found input bbl file 'main.bbl'
Latexmk: References changed.
Latexmk: Log file says output to 'build/main.pdf'
Latexmk: Found bibliography file(s):
  ./references.bib
Latexmk: applying rule 'pdflatex'...
Rule 'pdflatex':  Reasons for rerun
Changed files or newly in use/created:
  build/main.aux

------------
Run number 2 of rule 'pdflatex'
------------
------------
Running 'pdflatex -synctex=1  -interaction=nonstopmode -halt-on-error -file-line-error -recorder -output-directory="build"  "main.tex"'
------------
This is pdfTeX, Version 3.141592653-2.6-1.40.25 (TeX Live 2023/Debian) (preloaded format=pdflatex)
 restricted \write18 enabled.
entering extended mode
(./main.tex
LaTeX2e <2023-11-01> patch level 1
L3 programming layer <2024-01-22>
(./IEEEtaes.cls
Document Class: IEEEtaes 2022/02/15 V1.1
-- See the "IEEE Aerospace and Electronic Systems" manual for usage information
.
(/usr/share/texlive/texmf-dist/tex/latex/psnfss/ot1ptm.fd)
-- Using 8.25in x 10.75in (IEEE Photonics PaperSize) paper.
-- Using PDF output.
-- This is a 10 point document.
(/usr/share/texlive/texmf-dist/tex/latex/graphics/color.sty
(/usr/share/texlive/texmf-dist/tex/latex/graphics-cfg/color.cfg)
(/usr/share/texlive/texmf-dist/tex/latex/graphics-def/pdftex.def)
(/usr/share/texlive/texmf-dist/tex/latex/graphics/mathcolor.ltx))
(/usr/share/texlive/texmf-dist/tex/generic/iftex/ifpdf.sty
(/usr/share/texlive/texmf-dist/tex/generic/iftex/iftex.sty))
(/usr/share/texlive/texmf-dist/tex/latex/wrapfig/wrapfig.sty)
(/usr/share/texlive/texmf-dist/tex/latex/tools/array.sty)
(/usr/share/texlive/texmf-dist/tex/latex/hyperref/hyperref.sty
(/usr/share/texlive/texmf-dist/tex/latex/graphics/keyval.sty)
(/usr/share/texlive/texmf-dist/tex/latex/kvsetkeys/kvsetkeys.sty)
(/usr/share/texlive/texmf-dist/tex/generic/kvdefinekeys/kvdefinekeys.sty)
(/usr/share/texlive/texmf-dist/tex/generic/pdfescape/pdfescape.sty
(/usr/share/texlive/texmf-dist/tex/generic/ltxcmds/ltxcmds.sty)
(/usr/share/texlive/texmf-dist/tex/generic/pdftexcmds/pdftexcmds.sty
(/usr/share/texlive/texmf-dist/tex/generic/infwarerr/infwarerr.sty)))
(/usr/share/texlive/texmf-dist/tex/latex/hycolor/hycolor.sty)
(/usr/share/texlive/texmf-dist/tex/latex/auxhook/auxhook.sty)
(/usr/share/texlive/texmf-dist/tex/latex/hyperref/nameref.sty
(/usr/share/texlive/texmf-dist/tex/latex/refcount/refcount.sty)
(/usr/share/texlive/texmf-dist/tex/generic/gettitlestring/gettitlestring.sty
(/usr/share/texlive/texmf-dist/tex/latex/kvoptions/kvoptions.sty)))
(/usr/share/texlive/texmf-dist/tex/latex/etoolbox/etoolbox.sty)
(/usr/share/texlive/texmf-dist/tex/latex/hyperref/pd1enc.def)
(/usr/share/texlive/texmf-dist/tex/generic/intcalc/intcalc.sty)
(/usr/share/texlive/texmf-dist/tex/latex/hyperref/puenc.def)
(/usr/share/texlive/texmf-dist/tex/latex/url/url.sty)
(/usr/share/texlive/texmf-dist/tex/generic/bitset/bitset.sty
(/usr/share/texlive/texmf-dist/tex/generic/bigintcalc/bigintcalc.sty))
(/usr/share/texlive/texmf-dist/tex/latex/base/atbegshi-ltx.sty))
(/usr/share/texlive/texmf-dist/tex/latex/hyperref/hpdftex.def
(/usr/share/texlive/texmf-dist/tex/latex/base/atveryend-ltx.sty)
(/usr/share/texlive/texmf-dist/tex/latex/rerunfilecheck/rerunfilecheck.sty
(/usr/share/texlive/texmf-dist/tex/generic/uniquecounter/uniquecounter.sty))))
(/usr/share/texlive/texmf-dist/tex/latex/amscls/amsthm.sty)
(/usr/share/texlive/texmf-dist/tex/latex/amsmath/amsmath.sty
For additional information on amsmath, use the `?' option.
(/usr/share/texlive/texmf-dist/tex/latex/amsmath/amstext.sty
(/usr/share/texlive/texmf-dist/tex/latex/amsmath/amsgen.sty))
(/usr/share/texlive/texmf-dist/tex/latex/amsmath/amsbsy.sty)
(/usr/share/texlive/texmf-dist/tex/latex/amsmath/amsopn.sty))
(/usr/share/texlive/texmf-dist/tex/latex/amsfonts/amssymb.sty
(/usr/share/texlive/texmf-dist/tex/latex/amsfonts/amsfonts.sty))
(/usr/share/texlive/texmf-dist/tex/latex/booktabs/booktabs.sty)
(/usr/share/texlive/texmf-dist/tex/latex/float/float.sty)
(/usr/share/texlive/texmf-dist/tex/latex/graphics/graphicx.sty
(/usr/share/texlive/texmf-dist/tex/latex/graphics/graphics.sty
(/usr/share/texlive/texmf-dist/tex/latex/graphics/trig.sty)
(/usr/share/texlive/texmf-dist/tex/latex/graphics-cfg/graphics.cfg)))
(/usr/share/texlive/texmf-dist/tex/latex/subfig/subfig.sty
(/usr/share/texlive/texmf-dist/tex/latex/caption/caption3.sty))
(/usr/share/texlive/texmf-dist/tex/latex/tools/tabularx.sty)
(/usr/share/texlive/texmf-dist/tex/latex/base/textcomp.sty)
(/usr/share/texlive/texmf-dist/tex/latex/algorithms/algorithm.sty
(/usr/share/texlive/texmf-dist/tex/latex/base/ifthen.sty))
(/usr/share/texlive/texmf-dist/tex/latex/algorithmicx/algpseudocode.sty
(/usr/share/texlive/texmf-dist/tex/latex/algorithmicx/algorithmicx.sty
Document Style algorithmicx 1.2 - a greatly improved `algorithmic' style
)
Document Style - pseudocode environments for use with the `algorithmicx' style
) (/usr/share/texlive/texmf-dist/tex/latex/cite/cite.sty)
(./tables/required_target_numbers.tex)
(/usr/share/texlive/texmf-dist/tex/latex/l3backend/l3backend-pdftex.def)
(build/main.aux)
(/usr/share/texlive/texmf-dist/tex/context/base/mkii/supp-pdf.mkii
[Loading MPS to PDF converter (version 2006.09.02).]
) (/usr/share/texlive/texmf-dist/tex/latex/epstopdf-pkg/epstopdf-base.sty
(/usr/share/texlive/texmf-dist/tex/latex/latexconfig/epstopdf-sys.cfg))
(build/main.out) (build/main.out)
(/usr/share/texlive/texmf-dist/tex/latex/psnfss/ot1phv.fd)
(/usr/share/texlive/texmf-dist/tex/latex/amsfonts/umsa.fd)
(/usr/share/texlive/texmf-dist/tex/latex/amsfonts/umsb.fd)
(/usr/share/texlive/texmf-dist/tex/latex/psnfss/ts1ptm.fd)

pdfTeX warning: pdflatex (file ./figures/fig01_framework/viability_preserving_r
ollout_adp.pdf): PDF inclusion: found PDF version <1.7>, but at most version <1
.5> allowed

Underfull \vbox (badness 5637) has occurred while \output is active [1{/var/lib
/texmf/fonts/map/pdftex/updmap/pdftex.map}{/usr/share/texlive/texmf-dist/fonts/
enc/dvips/base/8r.enc}]
Underfull \vbox (badness 10000) has occurred while \output is active
Underfull \hbox (badness 6445) in paragraph at lines 112--113
[]\OT1/ptm/m/it/10.28844 Relative mo-tion and in-spec-tion plan-ning: \OT1/ptm/
m/n/10.28844 The

Underfull \vbox (badness 10000) has occurred while \output is active [2 <./figu
res/fig01_framework/viability_preserving_rollout_adp.pdf>]
Underfull \hbox (badness 10000) in paragraph at lines 145--145
[]|\OT1/ptm/m/n/8.25 Mesh-based sam-pled

Underfull \hbox (badness 7540) in paragraph at lines 150--151
[]\OT1/ptm/m/n/10.28844 The in-spected struc-ture is fixed in a local-

Underfull \hbox (badness 2150) in paragraph at lines 169--171
\OT1/ptm/m/n/10.28844 The im-ple-men-ta-tion con-structs and prop-a-gates each

Underfull \hbox (badness 2080) in paragraph at lines 169--171
\OT1/ptm/m/n/10.28844 in-te-gra-tion un-der the same piecewise-constant in-put
[3] [4] [5]

pdfTeX warning: pdflatex (file ./figures/fig02_rollout_example/adp_rollout_mech
anism.pdf): PDF inclusion: found PDF version <1.7>, but at most version <1.5> a
llowed

Underfull \hbox (badness 1990) in paragraph at lines 352--353
[]\OT1/ptm/m/n/10.28844 The cov-er-age re-sult be-low records the stan-dard
[6 <./figures/fig02_rollout_example/adp_rollout_mechanism.pdf>]
Underfull \hbox (badness 3579) in paragraph at lines 386--387
\OT1/ptm/m/n/10.28844 si-tion is a finite-record com-po-si-tion re-sult, not a

Underfull \hbox (badness 2253) in paragraph at lines 400--401
[][]\OT1/ptm/m/sc/10.28844 Proposition \OT1/ptm/m/n/10.28844 5 (Base-pol-icy no
-degra-da-tion) []\OT1/ptm/m/it/10.28844 If the
(./sections/required_target_study.tex (./tables/required_target_profiles.tex)
[7]
Underfull \hbox (badness 1472) in paragraph at lines 32--33
[]\OT1/ptm/m/n/10.28844 Complete-route tim-ing in-cludes pre-lim-i-nary base-
(./tables/required_target_depth_rationale.tex)
Underfull \hbox (badness 2538) in paragraph at lines 5--35
[]\OT1/ptm/m/n/10.28844 The fixed depth-three set-ting there-fore of-fers a
(./tables/required_target_depth_table.tex)
Underfull \hbox (badness 4940) in paragraph at lines 40--40
[]\OT1/ptm/m/n/8.25 (a) |Mean val-i-da-tion

Underfull \hbox (badness 1515) in paragraph at lines 41--41
[]\OT1/ptm/m/n/8.25 (b) |Me-dian plan-ning

Underfull \vbox (badness 10000) has occurred while \output is active [8]
(./tables/required_target_profile_results.tex)
(./tables/required_target_aggregate.tex)
Underfull \vbox (badness 3260) has occurred while \output is active
(./tables/required_target_paired.tex)
(./tables/required_target_objective_ablation.tex
Underfull \vbox (badness 10000) has occurred while \output is active [9 <./figu
res/fig03_depth_tradeoff/adp_depth_tradeoff_a.pdf> <./figures/fig03_depth_trade
off/adp_depth_tradeoff_b.pdf> <./figures/fig03_depth_tradeoff/adp_depth_tradeof
f_c.pdf>])
Underfull \vbox (badness 10000) has occurred while \output is active
(./tables/required_target_case.tex) [10 <./figures/fig04_heldout_performance/ad
p_heldout_performance_a.pdf> <./figures/fig04_heldout_performance/adp_heldout_p
erformance_b.pdf> <./figures/fig04_heldout_performance/adp_heldout_performance_
c.pdf> <./figures/fig04_heldout_performance/adp_heldout_performance_d.pdf>]
Underfull \vbox (badness 1077) has occurred while \output is active
(./sections/ros_verification_results.tex
Underfull \hbox (badness 1360) in paragraph at lines 19--20
[]\OT1/ptm/m/n/10.28844 The sub-se-quent normal-speed graph-i-cal run used

Underfull \vbox (badness 1609) has occurred while \output is active [11 <./figu
res/fig05_ablation_safety/adp_ablation_safety_a.pdf> <./figures/fig05_ablation_
safety/adp_ablation_safety_b.pdf> <./figures/fig05_ablation_safety/adp_ablation
_safety_legend.pdf> <./figures/fig05_ablation_safety/adp_ablation_safety_c.pdf>
 <./figures/fig05_ablation_safety/adp_ablation_safety_d.pdf> <./figures/fig06_r
epresentative_trajectory/adp_representative_trajectory_a.pdf> <./figures/fig06_
representative_trajectory/adp_representative_trajectory_b.pdf> <./figures/fig06
_representative_trajectory/adp_representative_trajectory_c.pdf>])
Underfull \vbox (badness 1184) has occurred while \output is active)
(./main.bbl
Underfull \vbox (badness 10000) has occurred while \output is active [12 <./fig
ures/fig07_ros_camera_views/ros_key_camera_views_trajectory.pdf>]
Underfull \hbox (badness 1796) in paragraph at lines 120--121
\OT1/ptm/m/n/8.25 Space Sta-tion glTF Model,'' [][]$https : / / science . nasa 
. gov / resource /

Underfull \hbox (badness 2689) in paragraph at lines 120--121
\OT1/ptm/m/n/8.25 international-[]space-[]station-[]3d-[]model/$[][], 2019, up-
dated Nov. 2,
) [13] (build/main.aux) )
(see the transcript file for additional information)</usr/share/texlive/texmf-d
ist/fonts/type1/public/amsfonts/cm/cmbx10.pfb></usr/share/texlive/texmf-dist/fo
nts/type1/public/amsfonts/cm/cmbx7.pfb></usr/share/texlive/texmf-dist/fonts/typ
e1/public/amsfonts/cm/cmbx8.pfb></usr/share/texlive/texmf-dist/fonts/type1/publ
ic/amsfonts/cm/cmex10.pfb></usr/share/texlive/texmf-dist/fonts/type1/public/ams
fonts/cmextra/cmex8.pfb></usr/share/texlive/texmf-dist/fonts/type1/public/amsfo
nts/cm/cmmi10.pfb></usr/share/texlive/texmf-dist/fonts/type1/public/amsfonts/cm
/cmmi5.pfb></usr/share/texlive/texmf-dist/fonts/type1/public/amsfonts/cm/cmmi6.
pfb></usr/share/texlive/texmf-dist/fonts/type1/public/amsfonts/cm/cmmi7.pfb></u
sr/share/texlive/texmf-dist/fonts/type1/public/amsfonts/cm/cmmi8.pfb></usr/shar
e/texlive/texmf-dist/fonts/type1/public/amsfonts/cm/cmr10.pfb></usr/share/texli
ve/texmf-dist/fonts/type1/public/amsfonts/cm/cmr5.pfb></usr/share/texlive/texmf
-dist/fonts/type1/public/amsfonts/cm/cmr6.pfb></usr/share/texlive/texmf-dist/fo
nts/type1/public/amsfonts/cm/cmr7.pfb></usr/share/texlive/texmf-dist/fonts/type
1/public/amsfonts/cm/cmr8.pfb></usr/share/texlive/texmf-dist/fonts/type1/public
/amsfonts/cm/cmss8.pfb></usr/share/texlive/texmf-dist/fonts/type1/public/amsfon
ts/cm/cmsy10.pfb></usr/share/texlive/texmf-dist/fonts/type1/public/amsfonts/cm/
cmsy5.pfb></usr/share/texlive/texmf-dist/fonts/type1/public/amsfonts/cm/cmsy6.p
fb></usr/share/texlive/texmf-dist/fonts/type1/public/amsfonts/cm/cmsy7.pfb></us
r/share/texlive/texmf-dist/fonts/type1/public/amsfonts/cm/cmsy8.pfb></usr/share
/texlive/texmf-dist/fonts/type1/public/amsfonts/symbols/msbm10.pfb></usr/share/
texlive/texmf-dist/fonts/type1/urw/helvetic/uhvr8a.pfb></usr/share/texlive/texm
f-dist/fonts/type1/urw/times/utmb8a.pfb></usr/share/texlive/texmf-dist/fonts/ty
pe1/urw/times/utmbi8a.pfb></usr/share/texlive/texmf-dist/fonts/type1/urw/times/
utmr8a.pfb></usr/share/texlive/texmf-dist/fonts/type1/urw/times/utmri8a.pfb>
Output written on build/main.pdf (13 pages, 5458842 bytes).
SyncTeX written on build/main.synctex.gz.
Transcript written on build/main.log.
Latexmk: Getting log file 'build/main.log'
Latexmk: Examining 'build/main.fls'
Latexmk: Examining 'build/main.log'
Latexmk: Found input bbl file 'main.bbl'
Latexmk: Log file says output to 'build/main.pdf'
Latexmk: Found bibliography file(s):
  ./references.bib
Latexmk: All targets (build/main.pdf) are up-to-date

make: Leaving directory '/home/rugang/robotics/projects/OrbInspect/OrbInspectLatex'
