{
  "event_accounting_passed": true,
  "accepted_target_ids": [
    "mesh_00001",
    "mesh_00005",
    "mesh_00006",
    "mesh_00007",
    "mesh_00008",
    "mesh_00010",
    "mesh_00011",
    "mesh_00012",
    "mesh_00015",
    "mesh_00016",
    "mesh_00019",
    "mesh_00020",
    "mesh_00024",
    "mesh_00025",
    "mesh_00028",
    "mesh_00029",
    "mesh_00031",
    "mesh_00033",
    "mesh_00034",
    "mesh_00036",
    "mesh_00039",
    "mesh_00041",
    "mesh_00045",
    "mesh_00048",
    "mesh_00049",
    "mesh_00052",
    "mesh_00053",
    "mesh_00055",
    "mesh_00059",
    "mesh_00060",
    "mesh_00064",
    "mesh_00065",
    "mesh_00068",
    "mesh_00070",
    "mesh_00071",
    "mesh_00072",
    "mesh_00073",
    "mesh_00079",
    "mesh_00087"
  ],
  "required_target_count": 9,
  "accepted_required_count": 9,
  "missing_required_target_ids": [],
  "goal_mode": "hybrid",
  "goal_coverage": 0.95,
  "accepted_background_coverage": 0.9585771560419855,
  "accepted_observations": 12,
  "rejected_observations": 0,
  "schema_version": "orbinspect-required-target-ros-audit/v1",
  "scenario_id": "required09_test_000_bg95",
  "method": "adaptive_rollout_adp",
  "mission_sha256": "e22ca852242a8c4dcf72c27c360909b04d4dae844c6dc9316ff18e2a408628da",
  "terminal": {
    "coverage_ratio": 0.9585771560419855,
    "credited_actions": 12,
    "credited_target_count": 39,
    "credited_target_ids": [
      "mesh_00001",
      "mesh_00005",
      "mesh_00006",
      "mesh_00007",
      "mesh_00008",
      "mesh_00010",
      "mesh_00011",
      "mesh_00012",
      "mesh_00015",
      "mesh_00016",
      "mesh_00019",
      "mesh_00020",
      "mesh_00024",
      "mesh_00025",
      "mesh_00028",
      "mesh_00029",
      "mesh_00031",
      "mesh_00033",
      "mesh_00034",
      "mesh_00036",
      "mesh_00039",
      "mesh_00041",
      "mesh_00045",
      "mesh_00048",
      "mesh_00049",
      "mesh_00052",
      "mesh_00053",
      "mesh_00055",
      "mesh_00059",
      "mesh_00060",
      "mesh_00064",
      "mesh_00065",
      "mesh_00068",
      "mesh_00070",
      "mesh_00071",
      "mesh_00072",
      "mesh_00073",
      "mesh_00079",
      "mesh_00087"
    ],
    "current_waypoint_id": "",
    "current_waypoint_index": 12,
    "event": "mission_complete",
    "failed_actions": 0,
    "goal_mode": "hybrid",
    "missing_required_target_ids": [],
    "mission_goal_reached": true,
    "mission_sha256": "e22ca852242a8c4dcf72c27c360909b04d4dae844c6dc9316ff18e2a408628da",
    "reason": "all_execution_gates_passed",
    "required_coverage_ratio": 1.0,
    "required_covered_count": 9,
    "required_target_count": 9,
    "required_targets_complete": true,
    "state": "complete",
    "success": true,
    "time": 1800.0352973630002,
    "total_target_count": 41,
    "unweighted_coverage_ratio": 0.9512195121951219,
    "bag_receipt_time_s": 1788947654.9591782
  },
  "gates": {
    "closed_loop_execution": true,
    "frozen_input_hashes": true,
    "event_accounting": true,
    "independent_event_topics_agree": true,
    "summary_terminal_event_agrees": true,
    "all_required_targets_accepted": true,
    "background_goal_accepted": true,
    "all_observations_accepted": true,
    "mission_success": true,
    "full_mesh_execution_audit": true
  },
  "passed": true,
  "planned_delta_v_mps": 18.027014267787823,
  "executed_delta_v_until_terminal_mps": 20.476704863587965,
  "control_integral_definition": "Zero-order hold of safe-command norms, from first stamped command to receipt of the final verification event; recording brackets the integration endpoint.",
  "logged_whole_run_delta_v_mps": 20.47448698813873,
  "mission_epoch_receipt_spread_s": 0.00020313262939453125,
  "maximum_safe_control_stamp_gap_s": 0.055373191833496094,
  "control_message_count": 36172,
  "filter_intervention_samples": 1847,
  "physical_mesh_gates": {
    "acceleration_limit": true,
    "control_samples_present": true,
    "finite_body_safety_margin": true,
    "full_mesh_safety_margin": true,
    "no_full_mesh_surface_crossing": true,
    "trajectory_samples_present": true
  },
  "audit_script_sha256": "ff0474cac08190053df3074cf24fa9719c3872eb4b349e7069a891e2f5cf832f"
}
