[INFO] [launch]: All log files can be found below /home/rugang/.ros/log/2026-09-09-12-03-47-107978-rugang-ThinkBook-14-G5-APO-117859
[INFO] [launch]: Default logging verbosity is set to INFO
[INFO] [gazebo-1]: process started with pid [117878]
[INFO] [parameter_bridge-2]: process started with pid [117879]
[INFO] [rviz2-3]: process started with pid [117880]
[parameter_bridge-2] [INFO] [1788926627.321184617] [chaser_inspection_camera_bridge]: Creating GZ->ROS Bridge: [/chaser/camera/image (gz.msgs.Image) -> /chaser/camera/image (sensor_msgs/msg/Image)] (Lazy 0)
[rviz2-3] [INFO] [1788926627.636712820] [rviz2]: Stereo is NOT SUPPORTED
[rviz2-3] [INFO] [1788926627.636917457] [rviz2]: OpenGl version: 4.6 (GLSL 4.6)
[rviz2-3] [INFO] [1788926627.658202303] [rviz2]: Stereo is NOT SUPPORTED
[rviz2-3] [INFO] [1788926627.788005929] [rviz2]: Stereo is NOT SUPPORTED
[INFO] [create-4]: process started with pid [118152]
[create-4] [INFO] [1788926629.524092522] [spawn_cubesat_chaser]: Entity creation successful.
[INFO] [create-4]: process has finished cleanly [pid 118152]
[INFO] [chaser_pose_follower-5]: process started with pid [118339]
[INFO] [planned_trajectory_replay_node-6]: process started with pid [118359]
[INFO] [verification_evaluator_node-7]: process started with pid [118360]
[INFO] [dynamics_node-8]: process started with pid [118361]
[INFO] [controller_node-9]: process started with pid [118362]
[INFO] [safety_filter_node-10]: process started with pid [118363]
[INFO] [logger_node-11]: process started with pid [118364]
[INFO] [ros2-12]: process started with pid [118365]
[ros2-12] stdin is not a terminal device. Keyboard handling disabled.[INFO] [1788926637.640157837] [rosbag2_recorder]: Press SPACE for pausing/resuming
[ros2-12] [INFO] [1788926637.640164460] [rosbag2_recorder]: Event publisher thread: Started
[ros2-12] [INFO] [1788926637.645732468] [rosbag2_recorder]: Starting recording to '/home/rugang/robotics/projects/OrbInspect/data/results/20260909_040344_required09_dwell60_visual/rosbag/orbinspect_run'
[ros2-12] [INFO] [1788926637.647154339] [rosbag2_recorder]: Listening for topics...
[ros2-12] [INFO] [1788926637.647177333] [rosbag2_recorder]: Recording...
[ros2-12] [INFO] [1788926637.647181050] [rosbag2_recorder]: Topics discovery started.
[ros2-12] [INFO] [1788926637.698713334] [rosbag2_recorder]: Subscribed to topic '/inspection/coverage_map'
[ros2-12] [INFO] [1788926637.699633716] [rosbag2_recorder]: Subscribed to topic '/mission/event'
[ros2-12] [INFO] [1788926637.700609523] [rosbag2_recorder]: Subscribed to topic '/verification/status'
[ros2-12] [INFO] [1788926637.704163229] [rosbag2_recorder]: Subscribed to topic '/chaser/reference_state'
[ros2-12] [INFO] [1788926637.705630045] [rosbag2_recorder]: Subscribed to topic '/chaser/attitude_reference'
[ros2-12] [INFO] [1788926637.706417716] [rosbag2_recorder]: Subscribed to topic '/inspection/executed_path'
[ros2-12] [INFO] [1788926637.706925908] [rosbag2_recorder]: Subscribed to topic '/inspection/planned_path'
[ros2-12] [INFO] [1788926637.707382392] [rosbag2_recorder]: Subscribed to topic '/verification/reference_status'
[planned_trajectory_replay_node-6] [INFO] [1788926637.729882647] [planned_trajectory_replay_node]: closed_loop validation using 450 trajectory samples and 9 viewpoints from /home/rugang/robotics/projects/OrbInspect/data/results/20260909_035637_required09_dwell60_inputs
[ros2-12] [INFO] [1788926637.744477792] [rosbag2_recorder]: Subscribed to topic '/chaser/odom'
[ros2-12] [INFO] [1788926637.745237720] [rosbag2_recorder]: Subscribed to topic '/chaser/safe_control_command'
[ros2-12] [INFO] [1788926637.745729450] [rosbag2_recorder]: Subscribed to topic '/chaser/safety_status'
[ros2-12] [INFO] [1788926637.760639099] [rosbag2_recorder]: Subscribed to topic '/chaser/control_command'
[logger_node-11] [INFO] [1788926637.855088983] [csv_logger_node]: logging results to /home/rugang/robotics/projects/OrbInspect/data/results/20260909_040344_required09_dwell60_visual
[gazebo-1] NodeShared::RecvSrvRequest() error sending response: Host unreachable
[gazebo-1] NodeShared::RecvSrvRequest() error sending response: Host unreachable
[gazebo-1] NodeShared::RecvSrvRequest() error sending response: Host unreachable
[gazebo-1] NodeShared::RecvSrvRequest() error sending response: Host unreachable
[gazebo-1] NodeShared::RecvSrvRequest() error sending response: Host unreachable
[gazebo-1] NodeShared::RecvSrvRequest() error sending response: Host unreachable
[gazebo-1] NodeShared::RecvSrvRequest() error sending response: Host unreachable
[gazebo-1] NodeShared::RecvSrvRequest() error sending response: Host unreachable
[gazebo-1] NodeShared::RecvSrvRequest() error sending response: Host unreachable
[gazebo-1] NodeShared::RecvSrvRequest() error sending response: Host unreachable
[gazebo-1] NodeShared::RecvSrvRequest() error sending response: Host unreachable
[gazebo-1] NodeShared::RecvSrvRequest() error sending response: Host unreachable
[gazebo-1] NodeShared::RecvSrvRequest() error sending response: Host unreachable
[gazebo-1] NodeShared::RecvSrvRequest() error sending response: Host unreachable
[gazebo-1] NodeShared::RecvSrvRequest() error sending response: Host unreachable
[gazebo-1] NodeShared::RecvSrvRequest() error sending response: Host unreachable
[gazebo-1] NodeShared::RecvSrvRequest() error sending response: Host unreachable
[gazebo-1] NodeShared::RecvSrvRequest() error sending response: Host unreachable
[gazebo-1] NodeShared::RecvSrvRequest() error sending response: Host unreachable
[gazebo-1] NodeShared::RecvSrvRequest() error sending response: Host unreachable
[gazebo-1] NodeShared::RecvSrvRequest() error sending response: Host unreachable
[gazebo-1] NodeShared::RecvSrvRequest() error sending response: Host unreachable
[gazebo-1] NodeShared::RecvSrvRequest() error sending response: Host unreachable
[gazebo-1] NodeShared::RecvSrvRequest() error sending response: Host unreachable
[gazebo-1] NodeShared::RecvSrvRequest() error sending response: Host unreachable
[gazebo-1] NodeShared::RecvSrvRequest() error sending response: Host unreachable
[gazebo-1] NodeShared::RecvSrvRequest() error sending response: Host unreachable
[gazebo-1] NodeShared::RecvSrvRequest() error sending response: Host unreachable
[gazebo-1] NodeShared::RecvSrvRequest() error sending response: Host unreachable
[gazebo-1] NodeShared::RecvSrvRequest() error sending response: Host unreachable
[gazebo-1] NodeShared::RecvSrvRequest() error sending response: Host unreachable
[gazebo-1] NodeShared::RecvSrvRequest() error sending response: Host unreachable
[gazebo-1] NodeShared::RecvSrvRequest() error sending response: Host unreachable
[gazebo-1] NodeShared::RecvSrvRequest() error sending response: Host unreachable
[gazebo-1] NodeShared::RecvSrvRequest() error sending response: Host unreachable
[gazebo-1] NodeShared::RecvSrvRequest() error sending response: Host unreachable
[gazebo-1] NodeShared::RecvSrvRequest() error sending response: Host unreachable
[gazebo-1] NodeShared::RecvSrvRequest() error sending response: Host unreachable
[gazebo-1] NodeShared::RecvSrvRequest() error sending response: Host unreachable
[gazebo-1] NodeShared::RecvSrvRequest() error sending response: Host unreachable
[gazebo-1] NodeShared::RecvSrvRequest() error sending response: Host unreachable
[gazebo-1] NodeShared::RecvSrvRequest() error sending response: Host unreachable
[gazebo-1] NodeShared::RecvSrvRequest() error sending response: Host unreachable
[gazebo-1] NodeShared::RecvSrvRequest() error sending response: Host unreachable
[gazebo-1] NodeShared::RecvSrvRequest() error sending response: Host unreachable
[gazebo-1] NodeShared::RecvSrvRequest() error sending response: Host unreachable
[gazebo-1] NodeShared::RecvSrvRequest() error sending response: Host unreachable
[gazebo-1] NodeShared::RecvSrvRequest() error sending response: Host unreachable
[gazebo-1] NodeShared::RecvSrvRequest() error sending response: Host unreachable
[gazebo-1] NodeShared::RecvSrvRequest() error sending response: Host unreachable
[gazebo-1] NodeShared::RecvSrvRequest() error sending response: Host unreachable
[gazebo-1] NodeShared::RecvSrvRequest() error sending response: Host unreachable
[gazebo-1] NodeShared::RecvSrvRequest() error sending response: Host unreachable
[gazebo-1] NodeShared::RecvSrvRequest() error sending response: Host unreachable
[gazebo-1] NodeShared::RecvSrvRequest() error sending response: Host unreachable
[gazebo-1] NodeShared::RecvSrvRequest() error sending response: Host unreachable
[gazebo-1] NodeShared::RecvSrvRequest() error sending response: Host unreachable
[gazebo-1] NodeShared::RecvSrvRequest() error sending response: Host unreachable
[gazebo-1] NodeShared::RecvSrvRequest() error sending response: Host unreachable
[gazebo-1] NodeShared::RecvSrvRequest() error sending response: Host unreachable
[gazebo-1] NodeShared::RecvSrvRequest() error sending response: Host unreachable
[gazebo-1] NodeShared::RecvSrvRequest() error sending response: Host unreachable
[gazebo-1] NodeShared::RecvSrvRequest() error sending response: Host unreachable
[gazebo-1] NodeShared::RecvSrvRequest() error sending response: Host unreachable
[gazebo-1] NodeShared::RecvSrvRequest() error sending response: Host unreachable
[gazebo-1] NodeShared::RecvSrvRequest() error sending response: Host unreachable
[gazebo-1] NodeShared::RecvSrvRequest() error sending response: Host unreachable
[gazebo-1] NodeShared::RecvSrvRequest() error sending response: Host unreachable
[gazebo-1] NodeShared::RecvSrvRequest() error sending response: Host unreachable
[gazebo-1] NodeShared::RecvSrvRequest() error sending response: Host unreachable
[gazebo-1] NodeShared::RecvSrvRequest() error sending response: Host unreachable
[gazebo-1] NodeShared::RecvSrvRequest() error sending response: Host unreachable
[gazebo-1] NodeShared::RecvSrvRequest() error sending response: Host unreachable
[gazebo-1] NodeShared::RecvSrvRequest() error sending response: Host unreachable
[gazebo-1] NodeShared::RecvSrvRequest() error sending response: Host unreachable
[gazebo-1] NodeShared::RecvSrvRequest() error sending response: Host unreachable
[gazebo-1] NodeShared::RecvSrvRequest() error sending response: Host unreachable
[gazebo-1] NodeShared::RecvSrvRequest() error sending response: Host unreachable
[gazebo-1] NodeShared::RecvSrvRequest() error sending response: Host unreachable
[gazebo-1] NodeShared::RecvSrvRequest() error sending response: Host unreachable
[gazebo-1] NodeShared::RecvSrvRequest() error sending response: Host unreachable
[gazebo-1] NodeShared::RecvSrvRequest() error sending response: Host unreachable
[gazebo-1] NodeShared::RecvSrvRequest() error sending response: Host unreachable
[gazebo-1] NodeShared::RecvSrvRequest() error sending response: Host unreachable
[gazebo-1] NodeShared::RecvSrvRequest() error sending response: Host unreachable
[gazebo-1] NodeShared::RecvSrvRequest() error sending response: Host unreachable
[gazebo-1] NodeShared::RecvSrvRequest() error sending response: Host unreachable
[gazebo-1] NodeShared::RecvSrvRequest() error sending response: Host unreachable
[gazebo-1] NodeShared::RecvSrvRequest() error sending response: Host unreachable
[gazebo-1] NodeShared::RecvSrvRequest() error sending response: Host unreachable
[gazebo-1] NodeShared::RecvSrvRequest() error sending response: Host unreachable
[gazebo-1] NodeShared::RecvSrvRequest() error sending response: Host unreachable
[gazebo-1] NodeShared::RecvSrvRequest() error sending response: Host unreachable
[gazebo-1] NodeShared::RecvSrvRequest() error sending response: Host unreachable
[gazebo-1] NodeShared::RecvSrvRequest() error sending response: Host unreachable
[gazebo-1] NodeShared::RecvSrvRequest() error sending response: Host unreachable
[gazebo-1] NodeShared::RecvSrvRequest() error sending response: Host unreachable
[gazebo-1] NodeShared::RecvSrvRequest() error sending response: Host unreachable
[gazebo-1] NodeShared::RecvSrvRequest() error sending response: Host unreachable
[gazebo-1] NodeShared::RecvSrvRequest() error sending response: Host unreachable
[gazebo-1] NodeShared::RecvSrvRequest() error sending response: Host unreachable
[gazebo-1] NodeShared::RecvSrvRequest() error sending response: Host unreachable
[gazebo-1] NodeShared::RecvSrvRequest() error sending response: Host unreachable
[gazebo-1] NodeShared::RecvSrvRequest() error sending response: Host unreachable
[gazebo-1] NodeShared::RecvSrvRequest() error sending response: Host unreachable
[gazebo-1] NodeShared::RecvSrvRequest() error sending response: Host unreachable
[gazebo-1] NodeShared::RecvSrvRequest() error sending response: Host unreachable
[gazebo-1] NodeShared::RecvSrvRequest() error sending response: Host unreachable
[gazebo-1] NodeShared::RecvSrvRequest() error sending response: Host unreachable
[gazebo-1] NodeShared::RecvSrvRequest() error sending response: Host unreachable
[gazebo-1] NodeShared::RecvSrvRequest() error sending response: Host unreachable
[gazebo-1] NodeShared::RecvSrvRequest() error sending response: Host unreachable
[gazebo-1] NodeShared::RecvSrvRequest() error sending response: Host unreachable
[gazebo-1] NodeShared::RecvSrvRequest() error sending response: Host unreachable
[gazebo-1] NodeShared::RecvSrvRequest() error sending response: Host unreachable
[gazebo-1] NodeShared::RecvSrvRequest() error sending response: Host unreachable
[gazebo-1] NodeShared::RecvSrvRequest() error sending response: Host unreachable
[gazebo-1] NodeShared::RecvSrvRequest() error sending response: Host unreachable
[gazebo-1] NodeShared::RecvSrvRequest() error sending response: Host unreachable
[gazebo-1] NodeShared::RecvSrvRequest() error sending response: Host unreachable
[gazebo-1] NodeShared::RecvSrvRequest() error sending response: Host unreachable
[gazebo-1] NodeShared::RecvSrvRequest() error sending response: Host unreachable
[gazebo-1] NodeShared::RecvSrvRequest() error sending response: Host unreachable
[gazebo-1] NodeShared::RecvSrvRequest() error sending response: Host unreachable
[gazebo-1] NodeShared::RecvSrvRequest() error sending response: Host unreachable
[gazebo-1] NodeShared::RecvSrvRequest() error sending response: Host unreachable
[gazebo-1] NodeShared::RecvSrvRequest() error sending response: Host unreachable
[gazebo-1] NodeShared::RecvSrvRequest() error sending response: Host unreachable
[gazebo-1] NodeShared::RecvSrvRequest() error sending response: Host unreachable
[gazebo-1] NodeShared::RecvSrvRequest() error sending response: Host unreachable
[gazebo-1] NodeShared::RecvSrvRequest() error sending response: Host unreachable
[gazebo-1] NodeShared::RecvSrvRequest() error sending response: Host unreachable
[gazebo-1] NodeShared::RecvSrvRequest() error sending response: Host unreachable
[gazebo-1] NodeShared::RecvSrvRequest() error sending response: Host unreachable
[gazebo-1] NodeShared::RecvSrvRequest() error sending response: Host unreachable
[gazebo-1] NodeShared::RecvSrvRequest() error sending response: Host unreachable
[gazebo-1] NodeShared::RecvSrvRequest() error sending response: Host unreachable
[gazebo-1] NodeShared::RecvSrvRequest() error sending response: Host unreachable
[gazebo-1] NodeShared::RecvSrvRequest() error sending response: Host unreachable
[gazebo-1] NodeShared::RecvSrvRequest() error sending response: Host unreachable
[gazebo-1] NodeShared::RecvSrvRequest() error sending response: Host unreachable
[gazebo-1] NodeShared::RecvSrvRequest() error sending response: Host unreachable
[gazebo-1] NodeShared::RecvSrvRequest() error sending response: Host unreachable
[gazebo-1] NodeShared::RecvSrvRequest() error sending response: Host unreachable
[gazebo-1] NodeShared::RecvSrvRequest() error sending response: Host unreachable
[gazebo-1] NodeShared::RecvSrvRequest() error sending response: Host unreachable
[gazebo-1] NodeShared::RecvSrvRequest() error sending response: Host unreachable
[gazebo-1] NodeShared::RecvSrvRequest() error sending response: Host unreachable
[gazebo-1] NodeShared::RecvSrvRequest() error sending response: Host unreachable
[gazebo-1] NodeShared::RecvSrvRequest() error sending response: Host unreachable
[gazebo-1] NodeShared::RecvSrvRequest() error sending response: Host unreachable
[gazebo-1] NodeShared::RecvSrvRequest() error sending response: Host unreachable
[gazebo-1] NodeShared::RecvSrvRequest() error sending response: Host unreachable
[gazebo-1] NodeShared::RecvSrvRequest() error sending response: Host unreachable
[gazebo-1] NodeShared::RecvSrvRequest() error sending response: Host unreachable
[gazebo-1] NodeShared::RecvSrvRequest() error sending response: Host unreachable
[gazebo-1] NodeShared::RecvSrvRequest() error sending response: Host unreachable
[gazebo-1] NodeShared::RecvSrvRequest() error sending response: Host unreachable
[gazebo-1] NodeShared::RecvSrvRequest() error sending response: Host unreachable
[gazebo-1] NodeShared::RecvSrvRequest() error sending response: Host unreachable
[gazebo-1] NodeShared::RecvSrvRequest() error sending response: Host unreachable
[gazebo-1] NodeShared::RecvSrvRequest() error sending response: Host unreachable
[gazebo-1] NodeShared::RecvSrvRequest() error sending response: Host unreachable
[gazebo-1] NodeShared::RecvSrvRequest() error sending response: Host unreachable
[gazebo-1] NodeShared::RecvSrvRequest() error sending response: Host unreachable
[gazebo-1] NodeShared::RecvSrvRequest() error sending response: Host unreachable
[gazebo-1] NodeShared::RecvSrvRequest() error sending response: Host unreachable
[gazebo-1] NodeShared::RecvSrvRequest() error sending response: Host unreachable
[gazebo-1] NodeShared::RecvSrvRequest() error sending response: Host unreachable
[gazebo-1] NodeShared::RecvSrvRequest() error sending response: Host unreachable
[gazebo-1] NodeShared::RecvSrvRequest() error sending response: Host unreachable
[gazebo-1] NodeShared::RecvSrvRequest() error sending response: Host unreachable
[gazebo-1] NodeShared::RecvSrvRequest() error sending response: Host unreachable
[gazebo-1] NodeShared::RecvSrvRequest() error sending response: Host unreachable
[gazebo-1] NodeShared::RecvSrvRequest() error sending response: Host unreachable
[gazebo-1] NodeShared::RecvSrvRequest() error sending response: Host unreachable
[gazebo-1] NodeShared::RecvSrvRequest() error sending response: Host unreachable
[gazebo-1] NodeShared::RecvSrvRequest() error sending response: Host unreachable
[gazebo-1] NodeShared::RecvSrvRequest() error sending response: Host unreachable
[gazebo-1] NodeShared::RecvSrvRequest() error sending response: Host unreachable
[gazebo-1] NodeShared::RecvSrvRequest() error sending response: Host unreachable
[gazebo-1] NodeShared::RecvSrvRequest() error sending response: Host unreachable
[gazebo-1] NodeShared::RecvSrvRequest() error sending response: Host unreachable
[gazebo-1] NodeShared::RecvSrvRequest() error sending response: Host unreachable
[gazebo-1] NodeShared::RecvSrvRequest() error sending response: Host unreachable
[gazebo-1] NodeShared::RecvSrvRequest() error sending response: Host unreachable
[gazebo-1] NodeShared::RecvSrvRequest() error sending response: Host unreachable
[gazebo-1] NodeShared::RecvSrvRequest() error sending response: Host unreachable
[gazebo-1] NodeShared::RecvSrvRequest() error sending response: Host unreachable
[gazebo-1] NodeShared::RecvSrvRequest() error sending response: Host unreachable
[gazebo-1] NodeShared::RecvSrvRequest() error sending response: Host unreachable
[gazebo-1] NodeShared::RecvSrvRequest() error sending response: Host unreachable
[gazebo-1] NodeShared::RecvSrvRequest() error sending response: Host unreachable
[gazebo-1] NodeShared::RecvSrvRequest() error sending response: Host unreachable
[gazebo-1] NodeShared::RecvSrvRequest() error sending response: Host unreachable
[gazebo-1] NodeShared::RecvSrvRequest() error sending response: Host unreachable
[gazebo-1] NodeShared::RecvSrvRequest() error sending response: Host unreachable
[gazebo-1] NodeShared::RecvSrvRequest() error sending response: Host unreachable
[gazebo-1] NodeShared::RecvSrvRequest() error sending response: Host unreachable
[gazebo-1] NodeShared::RecvSrvRequest() error sending response: Host unreachable
[gazebo-1] NodeShared::RecvSrvRequest() error sending response: Host unreachable
[gazebo-1] NodeShared::RecvSrvRequest() error sending response: Host unreachable
[gazebo-1] NodeShared::RecvSrvRequest() error sending response: Host unreachable
[gazebo-1] NodeShared::RecvSrvRequest() error sending response: Host unreachable
[gazebo-1] NodeShared::RecvSrvRequest() error sending response: Host unreachable
[gazebo-1] NodeShared::RecvSrvRequest() error sending response: Host unreachable
[gazebo-1] NodeShared::RecvSrvRequest() error sending response: Host unreachable
[gazebo-1] NodeShared::RecvSrvRequest() error sending response: Host unreachable
[gazebo-1] NodeShared::RecvSrvRequest() error sending response: Host unreachable
[gazebo-1] NodeShared::RecvSrvRequest() error sending response: Host unreachable
[gazebo-1] NodeShared::RecvSrvRequest() error sending response: Host unreachable
[gazebo-1] NodeShared::RecvSrvRequest() error sending response: Host unreachable
[gazebo-1] NodeShared::RecvSrvRequest() error sending response: Host unreachable
[gazebo-1] NodeShared::RecvSrvRequest() error sending response: Host unreachable
[gazebo-1] NodeShared::RecvSrvRequest() error sending response: Host unreachable
[gazebo-1] NodeShared::RecvSrvRequest() error sending response: Host unreachable
[gazebo-1] NodeShared::RecvSrvRequest() error sending response: Host unreachable
[gazebo-1] NodeShared::RecvSrvRequest() error sending response: Host unreachable
[gazebo-1] NodeShared::RecvSrvRequest() error sending response: Host unreachable
[gazebo-1] NodeShared::RecvSrvRequest() error sending response: Host unreachable
[gazebo-1] NodeShared::RecvSrvRequest() error sending response: Host unreachable
[gazebo-1] NodeShared::RecvSrvRequest() error sending response: Host unreachable
[gazebo-1] NodeShared::RecvSrvRequest() error sending response: Host unreachable
[gazebo-1] NodeShared::RecvSrvRequest() error sending response: Host unreachable
[gazebo-1] NodeShared::RecvSrvRequest() error sending response: Host unreachable
[gazebo-1] NodeShared::RecvSrvRequest() error sending response: Host unreachable
[gazebo-1] NodeShared::RecvSrvRequest() error sending response: Host unreachable
[gazebo-1] NodeShared::RecvSrvRequest() error sending response: Host unreachable
[gazebo-1] NodeShared::RecvSrvRequest() error sending response: Host unreachable
[gazebo-1] NodeShared::RecvSrvRequest() error sending response: Host unreachable
[gazebo-1] NodeShared::RecvSrvRequest() error sending response: Host unreachable
[gazebo-1] NodeShared::RecvSrvRequest() error sending response: Host unreachable
[gazebo-1] NodeShared::RecvSrvRequest() error sending response: Host unreachable
[gazebo-1] NodeShared::RecvSrvRequest() error sending response: Host unreachable
[gazebo-1] NodeShared::RecvSrvRequest() error sending response: Host unreachable
[gazebo-1] NodeShared::RecvSrvRequest() error sending response: Host unreachable
[gazebo-1] NodeShared::RecvSrvRequest() error sending response: Host unreachable
[gazebo-1] NodeShared::RecvSrvRequest() error sending response: Host unreachable
[gazebo-1] NodeShared::RecvSrvRequest() error sending response: Host unreachable
[gazebo-1] NodeShared::RecvSrvRequest() error sending response: Host unreachable
[gazebo-1] NodeShared::RecvSrvRequest() error sending response: Host unreachable
[gazebo-1] NodeShared::RecvSrvRequest() error sending response: Host unreachable
[gazebo-1] NodeShared::RecvSrvRequest() error sending response: Host unreachable
[gazebo-1] NodeShared::RecvSrvRequest() error sending response: Host unreachable
[gazebo-1] NodeShared::RecvSrvRequest() error sending response: Host unreachable
[gazebo-1] NodeShared::RecvSrvRequest() error sending response: Host unreachable
[gazebo-1] NodeShared::RecvSrvRequest() error sending response: Host unreachable
[gazebo-1] NodeShared::RecvSrvRequest() error sending response: Host unreachable
[gazebo-1] NodeShared::RecvSrvRequest() error sending response: Host unreachable
[gazebo-1] NodeShared::RecvSrvRequest() error sending response: Host unreachable
[gazebo-1] NodeShared::RecvSrvRequest() error sending response: Host unreachable
[gazebo-1] NodeShared::RecvSrvRequest() error sending response: Host unreachable
[gazebo-1] NodeShared::RecvSrvRequest() error sending response: Host unreachable
[gazebo-1] NodeShared::RecvSrvRequest() error sending response: Host unreachable
[gazebo-1] NodeShared::RecvSrvRequest() error sending response: Host unreachable
[gazebo-1] NodeShared::RecvSrvRequest() error sending response: Host unreachable
[gazebo-1] NodeShared::RecvSrvRequest() error sending response: Host unreachable
[gazebo-1] NodeShared::RecvSrvRequest() error sending response: Host unreachable
[gazebo-1] NodeShared::RecvSrvRequest() error sending response: Host unreachable
[gazebo-1] NodeShared::RecvSrvRequest() error sending response: Host unreachable
[gazebo-1] NodeShared::RecvSrvRequest() error sending response: Host unreachable
[gazebo-1] NodeShared::RecvSrvRequest() error sending response: Host unreachable
[gazebo-1] NodeShared::RecvSrvRequest() error sending response: Host unreachable
[gazebo-1] NodeShared::RecvSrvRequest() error sending response: Host unreachable
[gazebo-1] NodeShared::RecvSrvRequest() error sending response: Host unreachable
[gazebo-1] NodeShared::RecvSrvRequest() error sending response: Host unreachable
[gazebo-1] NodeShared::RecvSrvRequest() error sending response: Host unreachable
[gazebo-1] NodeShared::RecvSrvRequest() error sending response: Host unreachable
[gazebo-1] NodeShared::RecvSrvRequest() error sending response: Host unreachable
[gazebo-1] NodeShared::RecvSrvRequest() error sending response: Host unreachable
[gazebo-1] NodeShared::RecvSrvRequest() error sending response: Host unreachable
[gazebo-1] NodeShared::RecvSrvRequest() error sending response: Host unreachable
[gazebo-1] NodeShared::RecvSrvRequest() error sending response: Host unreachable
[gazebo-1] NodeShared::RecvSrvRequest() error sending response: Host unreachable
[gazebo-1] NodeShared::RecvSrvRequest() error sending response: Host unreachable
[gazebo-1] NodeShared::RecvSrvRequest() error sending response: Host unreachable
[gazebo-1] NodeShared::RecvSrvRequest() error sending response: Host unreachable
[gazebo-1] NodeShared::RecvSrvRequest() error sending response: Host unreachable
[gazebo-1] NodeShared::RecvSrvRequest() error sending response: Host unreachable
[gazebo-1] NodeShared::RecvSrvRequest() error sending response: Host unreachable
[gazebo-1] NodeShared::RecvSrvRequest() error sending response: Host unreachable
[gazebo-1] NodeShared::RecvSrvRequest() error sending response: Host unreachable
[gazebo-1] NodeShared::RecvSrvRequest() error sending response: Host unreachable
[gazebo-1] NodeShared::RecvSrvRequest() error sending response: Host unreachable
[gazebo-1] NodeShared::RecvSrvRequest() error sending response: Host unreachable
[gazebo-1] NodeShared::RecvSrvRequest() error sending response: Host unreachable
[gazebo-1] NodeShared::RecvSrvRequest() error sending response: Host unreachable
[gazebo-1] NodeShared::RecvSrvRequest() error sending response: Host unreachable
[gazebo-1] NodeShared::RecvSrvRequest() error sending response: Host unreachable
[gazebo-1] NodeShared::RecvSrvRequest() error sending response: Host unreachable
[gazebo-1] NodeShared::RecvSrvRequest() error sending response: Host unreachable
[gazebo-1] NodeShared::RecvSrvRequest() error sending response: Host unreachable
[gazebo-1] NodeShared::RecvSrvRequest() error sending response: Host unreachable
[gazebo-1] NodeShared::RecvSrvRequest() error sending response: Host unreachable
[gazebo-1] NodeShared::RecvSrvRequest() error sending response: Host unreachable
[gazebo-1] NodeShared::RecvSrvRequest() error sending response: Host unreachable
[gazebo-1] NodeShared::RecvSrvRequest() error sending response: Host unreachable
[gazebo-1] NodeShared::RecvSrvRequest() error sending response: Host unreachable
[gazebo-1] NodeShared::RecvSrvRequest() error sending response: Host unreachable
[gazebo-1] NodeShared::RecvSrvRequest() error sending response: Host unreachable
[gazebo-1] NodeShared::RecvSrvRequest() error sending response: Host unreachable
[gazebo-1] NodeShared::RecvSrvRequest() error sending response: Host unreachable
[gazebo-1] NodeShared::RecvSrvRequest() error sending response: Host unreachable
[gazebo-1] NodeShared::RecvSrvRequest() error sending response: Host unreachable
[gazebo-1] NodeShared::RecvSrvRequest() error sending response: Host unreachable
[gazebo-1] NodeShared::RecvSrvRequest() error sending response: Host unreachable
[gazebo-1] NodeShared::RecvSrvRequest() error sending response: Host unreachable
[gazebo-1] NodeShared::RecvSrvRequest() error sending response: Host unreachable
[gazebo-1] NodeShared::RecvSrvRequest() error sending response: Host unreachable
[gazebo-1] NodeShared::RecvSrvRequest() error sending response: Host unreachable
[gazebo-1] NodeShared::RecvSrvRequest() error sending response: Host unreachable
[gazebo-1] NodeShared::RecvSrvRequest() error sending response: Host unreachable
[gazebo-1] NodeShared::RecvSrvRequest() error sending response: Host unreachable
[gazebo-1] NodeShared::RecvSrvRequest() error sending response: Host unreachable
[gazebo-1] NodeShared::RecvSrvRequest() error sending response: Host unreachable
[gazebo-1] NodeShared::RecvSrvRequest() error sending response: Host unreachable
[gazebo-1] NodeShared::RecvSrvRequest() error sending response: Host unreachable
[gazebo-1] NodeShared::RecvSrvRequest() error sending response: Host unreachable
[gazebo-1] NodeShared::RecvSrvRequest() error sending response: Host unreachable
[gazebo-1] NodeShared::RecvSrvRequest() error sending response: Host unreachable
[gazebo-1] NodeShared::RecvSrvRequest() error sending response: Host unreachable
[gazebo-1] NodeShared::RecvSrvRequest() error sending response: Host unreachable
[gazebo-1] NodeShared::RecvSrvRequest() error sending response: Host unreachable
[gazebo-1] NodeShared::RecvSrvRequest() error sending response: Host unreachable
[gazebo-1] NodeShared::RecvSrvRequest() error sending response: Host unreachable
[gazebo-1] NodeShared::RecvSrvRequest() error sending response: Host unreachable
[gazebo-1] NodeShared::RecvSrvRequest() error sending response: Host unreachable
[gazebo-1] NodeShared::RecvSrvRequest() error sending response: Host unreachable
[gazebo-1] NodeShared::RecvSrvRequest() error sending response: Host unreachable
[gazebo-1] NodeShared::RecvSrvRequest() error sending response: Host unreachable
[gazebo-1] NodeShared::RecvSrvRequest() error sending response: Host unreachable
[gazebo-1] NodeShared::RecvSrvRequest() error sending response: Host unreachable
[gazebo-1] NodeShared::RecvSrvRequest() error sending response: Host unreachable
[gazebo-1] NodeShared::RecvSrvRequest() error sending response: Host unreachable
[gazebo-1] NodeShared::RecvSrvRequest() error sending response: Host unreachable
[gazebo-1] NodeShared::RecvSrvRequest() error sending response: Host unreachable
[gazebo-1] NodeShared::RecvSrvRequest() error sending response: Host unreachable
[gazebo-1] NodeShared::RecvSrvRequest() error sending response: Host unreachable
[gazebo-1] NodeShared::RecvSrvRequest() error sending response: Host unreachable
[gazebo-1] NodeShared::RecvSrvRequest() error sending response: Host unreachable
[gazebo-1] NodeShared::RecvSrvRequest() error sending response: Host unreachable
[gazebo-1] NodeShared::RecvSrvRequest() error sending response: Host unreachable
[gazebo-1] NodeShared::RecvSrvRequest() error sending response: Host unreachable
[gazebo-1] NodeShared::RecvSrvRequest() error sending response: Host unreachable
[gazebo-1] NodeShared::RecvSrvRequest() error sending response: Host unreachable
[gazebo-1] NodeShared::RecvSrvRequest() error sending response: Host unreachable
[gazebo-1] NodeShared::RecvSrvRequest() error sending response: Host unreachable
[gazebo-1] NodeShared::RecvSrvRequest() error sending response: Host unreachable
[gazebo-1] NodeShared::RecvSrvRequest() error sending response: Host unreachable
[gazebo-1] NodeShared::RecvSrvRequest() error sending response: Host unreachable
[gazebo-1] NodeShared::RecvSrvRequest() error sending response: Host unreachable
[gazebo-1] NodeShared::RecvSrvRequest() error sending response: Host unreachable
[gazebo-1] NodeShared::RecvSrvRequest() error sending response: Host unreachable
[gazebo-1] NodeShared::RecvSrvRequest() error sending response: Host unreachable
[gazebo-1] NodeShared::RecvSrvRequest() error sending response: Host unreachable
[gazebo-1] NodeShared::RecvSrvRequest() error sending response: Host unreachable
[gazebo-1] NodeShared::RecvSrvRequest() error sending response: Host unreachable
[gazebo-1] NodeShared::RecvSrvRequest() error sending response: Host unreachable
[gazebo-1] NodeShared::RecvSrvRequest() error sending response: Host unreachable
[gazebo-1] NodeShared::RecvSrvRequest() error sending response: Host unreachable
[gazebo-1] NodeShared::RecvSrvRequest() error sending response: Host unreachable
[gazebo-1] NodeShared::RecvSrvRequest() error sending response: Host unreachable
[gazebo-1] NodeShared::RecvSrvRequest() error sending response: Host unreachable
[gazebo-1] NodeShared::RecvSrvRequest() error sending response: Host unreachable
[gazebo-1] NodeShared::RecvSrvRequest() error sending response: Host unreachable
[gazebo-1] NodeShared::RecvSrvRequest() error sending response: Host unreachable
[gazebo-1] NodeShared::RecvSrvRequest() error sending response: Host unreachable
[gazebo-1] NodeShared::RecvSrvRequest() error sending response: Host unreachable
[gazebo-1] NodeShared::RecvSrvRequest() error sending response: Host unreachable
[gazebo-1] NodeShared::RecvSrvRequest() error sending response: Host unreachable
[gazebo-1] NodeShared::RecvSrvRequest() error sending response: Host unreachable
[gazebo-1] NodeShared::RecvSrvRequest() error sending response: Host unreachable
[gazebo-1] NodeShared::RecvSrvRequest() error sending response: Host unreachable
[gazebo-1] NodeShared::RecvSrvRequest() error sending response: Host unreachable
[gazebo-1] NodeShared::RecvSrvRequest() error sending response: Host unreachable
[gazebo-1] NodeShared::RecvSrvRequest() error sending response: Host unreachable
[gazebo-1] NodeShared::RecvSrvRequest() error sending response: Host unreachable
[gazebo-1] NodeShared::RecvSrvRequest() error sending response: Host unreachable
[gazebo-1] NodeShared::RecvSrvRequest() error sending response: Host unreachable
[gazebo-1] NodeShared::RecvSrvRequest() error sending response: Host unreachable
[gazebo-1] NodeShared::RecvSrvRequest() error sending response: Host unreachable
[gazebo-1] NodeShared::RecvSrvRequest() error sending response: Host unreachable
[gazebo-1] NodeShared::RecvSrvRequest() error sending response: Host unreachable
[gazebo-1] NodeShared::RecvSrvRequest() error sending response: Host unreachable
[gazebo-1] NodeShared::RecvSrvRequest() error sending response: Host unreachable
[gazebo-1] NodeShared::RecvSrvRequest() error sending response: Host unreachable
[gazebo-1] NodeShared::RecvSrvRequest() error sending response: Host unreachable
[gazebo-1] NodeShared::RecvSrvRequest() error sending response: Host unreachable
[gazebo-1] NodeShared::RecvSrvRequest() error sending response: Host unreachable
[gazebo-1] NodeShared::RecvSrvRequest() error sending response: Host unreachable
[gazebo-1] NodeShared::RecvSrvRequest() error sending response: Host unreachable
[gazebo-1] NodeShared::RecvSrvRequest() error sending response: Host unreachable
[gazebo-1] NodeShared::RecvSrvRequest() error sending response: Host unreachable
[gazebo-1] NodeShared::RecvSrvRequest() error sending response: Host unreachable
[gazebo-1] NodeShared::RecvSrvRequest() error sending response: Host unreachable
[gazebo-1] NodeShared::RecvSrvRequest() error sending response: Host unreachable
[gazebo-1] NodeShared::RecvSrvRequest() error sending response: Host unreachable
[gazebo-1] NodeShared::RecvSrvRequest() error sending response: Host unreachable
[gazebo-1] NodeShared::RecvSrvRequest() error sending response: Host unreachable
[gazebo-1] NodeShared::RecvSrvRequest() error sending response: Host unreachable
[gazebo-1] NodeShared::RecvSrvRequest() error sending response: Host unreachable
[gazebo-1] NodeShared::RecvSrvRequest() error sending response: Host unreachable
[gazebo-1] NodeShared::RecvSrvRequest() error sending response: Host unreachable
[gazebo-1] NodeShared::RecvSrvRequest() error sending response: Host unreachable
[gazebo-1] NodeShared::RecvSrvRequest() error sending response: Host unreachable
[gazebo-1] NodeShared::RecvSrvRequest() error sending response: Host unreachable
[gazebo-1] NodeShared::RecvSrvRequest() error sending response: Host unreachable
[gazebo-1] NodeShared::RecvSrvRequest() error sending response: Host unreachable
[gazebo-1] NodeShared::RecvSrvRequest() error sending response: Host unreachable
[gazebo-1] NodeShared::RecvSrvRequest() error sending response: Host unreachable
[gazebo-1] NodeShared::RecvSrvRequest() error sending response: Host unreachable
[gazebo-1] NodeShared::RecvSrvRequest() error sending response: Host unreachable
[gazebo-1] NodeShared::RecvSrvRequest() error sending response: Host unreachable
[gazebo-1] NodeShared::RecvSrvRequest() error sending response: Host unreachable
[gazebo-1] NodeShared::RecvSrvRequest() error sending response: Host unreachable
[gazebo-1] NodeShared::RecvSrvRequest() error sending response: Host unreachable
[gazebo-1] NodeShared::RecvSrvRequest() error sending response: Host unreachable
[gazebo-1] NodeShared::RecvSrvRequest() error sending response: Host unreachable
[gazebo-1] NodeShared::RecvSrvRequest() error sending response: Host unreachable
[gazebo-1] NodeShared::RecvSrvRequest() error sending response: Host unreachable
[gazebo-1] NodeShared::RecvSrvRequest() error sending response: Host unreachable
[gazebo-1] NodeShared::RecvSrvRequest() error sending response: Host unreachable
[gazebo-1] NodeShared::RecvSrvRequest() error sending response: Host unreachable
[gazebo-1] NodeShared::RecvSrvRequest() error sending response: Host unreachable
[gazebo-1] NodeShared::RecvSrvRequest() error sending response: Host unreachable
[gazebo-1] NodeShared::RecvSrvRequest() error sending response: Host unreachable
[gazebo-1] NodeShared::RecvSrvRequest() error sending response: Host unreachable
[gazebo-1] NodeShared::RecvSrvRequest() error sending response: Host unreachable
[gazebo-1] NodeShared::RecvSrvRequest() error sending response: Host unreachable
[gazebo-1] NodeShared::RecvSrvRequest() error sending response: Host unreachable
[gazebo-1] NodeShared::RecvSrvRequest() error sending response: Host unreachable
[gazebo-1] NodeShared::RecvSrvRequest() error sending response: Host unreachable
[gazebo-1] NodeShared::RecvSrvRequest() error sending response: Host unreachable
[gazebo-1] NodeShared::RecvSrvRequest() error sending response: Host unreachable
[gazebo-1] NodeShared::RecvSrvRequest() error sending response: Host unreachable
[gazebo-1] NodeShared::RecvSrvRequest() error sending response: Host unreachable
[gazebo-1] NodeShared::RecvSrvRequest() error sending response: Host unreachable
[gazebo-1] NodeShared::RecvSrvRequest() error sending response: Host unreachable
[gazebo-1] NodeShared::RecvSrvRequest() error sending response: Host unreachable
[gazebo-1] NodeShared::RecvSrvRequest() error sending response: Host unreachable
[gazebo-1] NodeShared::RecvSrvRequest() error sending response: Host unreachable
[gazebo-1] NodeShared::RecvSrvRequest() error sending response: Host unreachable
[gazebo-1] NodeShared::RecvSrvRequest() error sending response: Host unreachable
[gazebo-1] NodeShared::RecvSrvRequest() error sending response: Host unreachable
[gazebo-1] NodeShared::RecvSrvRequest() error sending response: Host unreachable
[gazebo-1] NodeShared::RecvSrvRequest() error sending response: Host unreachable
[gazebo-1] NodeShared::RecvSrvRequest() error sending response: Host unreachable
[gazebo-1] NodeShared::RecvSrvRequest() error sending response: Host unreachable
[gazebo-1] NodeShared::RecvSrvRequest() error sending response: Host unreachable
[gazebo-1] NodeShared::RecvSrvRequest() error sending response: Host unreachable
[gazebo-1] NodeShared::RecvSrvRequest() error sending response: Host unreachable
[gazebo-1] NodeShared::RecvSrvRequest() error sending response: Host unreachable
[gazebo-1] NodeShared::RecvSrvRequest() error sending response: Host unreachable
[gazebo-1] NodeShared::RecvSrvRequest() error sending response: Host unreachable
[gazebo-1] NodeShared::RecvSrvRequest() error sending response: Host unreachable
[gazebo-1] NodeShared::RecvSrvRequest() error sending response: Host unreachable
[gazebo-1] NodeShared::RecvSrvRequest() error sending response: Host unreachable
[gazebo-1] NodeShared::RecvSrvRequest() error sending response: Host unreachable
[gazebo-1] NodeShared::RecvSrvRequest() error sending response: Host unreachable
[gazebo-1] NodeShared::RecvSrvRequest() error sending response: Host unreachable
[gazebo-1] NodeShared::RecvSrvRequest() error sending response: Host unreachable
[gazebo-1] NodeShared::RecvSrvRequest() error sending response: Host unreachable
[gazebo-1] NodeShared::RecvSrvRequest() error sending response: Host unreachable
[gazebo-1] NodeShared::RecvSrvRequest() error sending response: Host unreachable
[gazebo-1] NodeShared::RecvSrvRequest() error sending response: Host unreachable
[gazebo-1] NodeShared::RecvSrvRequest() error sending response: Host unreachable
[gazebo-1] NodeShared::RecvSrvRequest() error sending response: Host unreachable
[gazebo-1] NodeShared::RecvSrvRequest() error sending response: Host unreachable
[gazebo-1] NodeShared::RecvSrvRequest() error sending response: Host unreachable
[gazebo-1] NodeShared::RecvSrvRequest() error sending response: Host unreachable
[gazebo-1] NodeShared::RecvSrvRequest() error sending response: Host unreachable
[gazebo-1] NodeShared::RecvSrvRequest() error sending response: Host unreachable
[gazebo-1] NodeShared::RecvSrvRequest() error sending response: Host unreachable
[gazebo-1] NodeShared::RecvSrvRequest() error sending response: Host unreachable
[gazebo-1] NodeShared::RecvSrvRequest() error sending response: Host unreachable
[gazebo-1] NodeShared::RecvSrvRequest() error sending response: Host unreachable
[gazebo-1] NodeShared::RecvSrvRequest() error sending response: Host unreachable
[gazebo-1] NodeShared::RecvSrvRequest() error sending response: Host unreachable
[gazebo-1] NodeShared::RecvSrvRequest() error sending response: Host unreachable
[gazebo-1] NodeShared::RecvSrvRequest() error sending response: Host unreachable
[gazebo-1] NodeShared::RecvSrvRequest() error sending response: Host unreachable
[gazebo-1] NodeShared::RecvSrvRequest() error sending response: Host unreachable
[gazebo-1] NodeShared::RecvSrvRequest() error sending response: Host unreachable
[gazebo-1] NodeShared::RecvSrvRequest() error sending response: Host unreachable
[gazebo-1] NodeShared::RecvSrvRequest() error sending response: Host unreachable
[gazebo-1] NodeShared::RecvSrvRequest() error sending response: Host unreachable
[gazebo-1] NodeShared::RecvSrvRequest() error sending response: Host unreachable
[gazebo-1] NodeShared::RecvSrvRequest() error sending response: Host unreachable
[gazebo-1] NodeShared::RecvSrvRequest() error sending response: Host unreachable
[gazebo-1] NodeShared::RecvSrvRequest() error sending response: Host unreachable
[gazebo-1] NodeShared::RecvSrvRequest() error sending response: Host unreachable
[gazebo-1] NodeShared::RecvSrvRequest() error sending response: Host unreachable
[gazebo-1] NodeShared::RecvSrvRequest() error sending response: Host unreachable
[gazebo-1] NodeShared::RecvSrvRequest() error sending response: Host unreachable
[gazebo-1] NodeShared::RecvSrvRequest() error sending response: Host unreachable
[gazebo-1] NodeShared::RecvSrvRequest() error sending response: Host unreachable
[gazebo-1] NodeShared::RecvSrvRequest() error sending response: Host unreachable
[gazebo-1] NodeShared::RecvSrvRequest() error sending response: Host unreachable
[gazebo-1] NodeShared::RecvSrvRequest() error sending response: Host unreachable
[gazebo-1] NodeShared::RecvSrvRequest() error sending response: Host unreachable
[gazebo-1] NodeShared::RecvSrvRequest() error sending response: Host unreachable
[gazebo-1] NodeShared::RecvSrvRequest() error sending response: Host unreachable
[gazebo-1] NodeShared::RecvSrvRequest() error sending response: Host unreachable
[gazebo-1] NodeShared::RecvSrvRequest() error sending response: Host unreachable
[gazebo-1] NodeShared::RecvSrvRequest() error sending response: Host unreachable
[gazebo-1] NodeShared::RecvSrvRequest() error sending response: Host unreachable
[gazebo-1] NodeShared::RecvSrvRequest() error sending response: Host unreachable
[gazebo-1] NodeShared::RecvSrvRequest() error sending response: Host unreachable
[gazebo-1] NodeShared::RecvSrvRequest() error sending response: Host unreachable
[gazebo-1] NodeShared::RecvSrvRequest() error sending response: Host unreachable
[gazebo-1] NodeShared::RecvSrvRequest() error sending response: Host unreachable
[gazebo-1] NodeShared::RecvSrvRequest() error sending response: Host unreachable
[gazebo-1] NodeShared::RecvSrvRequest() error sending response: Host unreachable
[gazebo-1] NodeShared::RecvSrvRequest() error sending response: Host unreachable
[gazebo-1] NodeShared::RecvSrvRequest() error sending response: Host unreachable
[gazebo-1] NodeShared::RecvSrvRequest() error sending response: Host unreachable
[gazebo-1] NodeShared::RecvSrvRequest() error sending response: Host unreachable
[gazebo-1] NodeShared::RecvSrvRequest() error sending response: Host unreachable
[gazebo-1] NodeShared::RecvSrvRequest() error sending response: Host unreachable
[gazebo-1] NodeShared::RecvSrvRequest() error sending response: Host unreachable
[gazebo-1] NodeShared::RecvSrvRequest() error sending response: Host unreachable
[gazebo-1] NodeShared::RecvSrvRequest() error sending response: Host unreachable
[gazebo-1] NodeShared::RecvSrvRequest() error sending response: Host unreachable
[gazebo-1] NodeShared::RecvSrvRequest() error sending response: Host unreachable
[gazebo-1] NodeShared::RecvSrvRequest() error sending response: Host unreachable
[gazebo-1] NodeShared::RecvSrvRequest() error sending response: Host unreachable
[gazebo-1] NodeShared::RecvSrvRequest() error sending response: Host unreachable
[gazebo-1] NodeShared::RecvSrvRequest() error sending response: Host unreachable
[gazebo-1] NodeShared::RecvSrvRequest() error sending response: Host unreachable
[gazebo-1] NodeShared::RecvSrvRequest() error sending response: Host unreachable
[gazebo-1] NodeShared::RecvSrvRequest() error sending response: Host unreachable
[gazebo-1] NodeShared::RecvSrvRequest() error sending response: Host unreachable
[gazebo-1] NodeShared::RecvSrvRequest() error sending response: Host unreachable
[gazebo-1] NodeShared::RecvSrvRequest() error sending response: Host unreachable
[gazebo-1] NodeShared::RecvSrvRequest() error sending response: Host unreachable
[gazebo-1] NodeShared::RecvSrvRequest() error sending response: Host unreachable
[gazebo-1] NodeShared::RecvSrvRequest() error sending response: Host unreachable
[gazebo-1] NodeShared::RecvSrvRequest() error sending response: Host unreachable
[gazebo-1] NodeShared::RecvSrvRequest() error sending response: Host unreachable
[gazebo-1] NodeShared::RecvSrvRequest() error sending response: Host unreachable
[gazebo-1] NodeShared::RecvSrvRequest() error sending response: Host unreachable
[gazebo-1] NodeShared::RecvSrvRequest() error sending response: Host unreachable
[gazebo-1] NodeShared::RecvSrvRequest() error sending response: Host unreachable
[gazebo-1] NodeShared::RecvSrvRequest() error sending response: Host unreachable
[gazebo-1] NodeShared::RecvSrvRequest() error sending response: Host unreachable
[gazebo-1] NodeShared::RecvSrvRequest() error sending response: Host unreachable
[gazebo-1] NodeShared::RecvSrvRequest() error sending response: Host unreachable
[gazebo-1] NodeShared::RecvSrvRequest() error sending response: Host unreachable
[gazebo-1] NodeShared::RecvSrvRequest() error sending response: Host unreachable
[gazebo-1] NodeShared::RecvSrvRequest() error sending response: Host unreachable
[gazebo-1] NodeShared::RecvSrvRequest() error sending response: Host unreachable
[gazebo-1] NodeShared::RecvSrvRequest() error sending response: Host unreachable
[gazebo-1] NodeShared::RecvSrvRequest() error sending response: Host unreachable
[gazebo-1] NodeShared::RecvSrvRequest() error sending response: Host unreachable
[gazebo-1] NodeShared::RecvSrvRequest() error sending response: Host unreachable
[gazebo-1] NodeShared::RecvSrvRequest() error sending response: Host unreachable
[gazebo-1] NodeShared::RecvSrvRequest() error sending response: Host unreachable
[gazebo-1] NodeShared::RecvSrvRequest() error sending response: Host unreachable
[gazebo-1] NodeShared::RecvSrvRequest() error sending response: Host unreachable
[gazebo-1] NodeShared::RecvSrvRequest() error sending response: Host unreachable
[gazebo-1] NodeShared::RecvSrvRequest() error sending response: Host unreachable
[gazebo-1] NodeShared::RecvSrvRequest() error sending response: Host unreachable
[gazebo-1] NodeShared::RecvSrvRequest() error sending response: Host unreachable
[gazebo-1] NodeShared::RecvSrvRequest() error sending response: Host unreachable
[gazebo-1] NodeShared::RecvSrvRequest() error sending response: Host unreachable
[gazebo-1] NodeShared::RecvSrvRequest() error sending response: Host unreachable
[gazebo-1] NodeShared::RecvSrvRequest() error sending response: Host unreachable
[gazebo-1] NodeShared::RecvSrvRequest() error sending response: Host unreachable
[gazebo-1] NodeShared::RecvSrvRequest() error sending response: Host unreachable
[gazebo-1] NodeShared::RecvSrvRequest() error sending response: Host unreachable
[gazebo-1] NodeShared::RecvSrvRequest() error sending response: Host unreachable
[gazebo-1] NodeShared::RecvSrvRequest() error sending response: Host unreachable
[gazebo-1] NodeShared::RecvSrvRequest() error sending response: Host unreachable
[gazebo-1] NodeShared::RecvSrvRequest() error sending response: Host unreachable
[gazebo-1] NodeShared::RecvSrvRequest() error sending response: Host unreachable
[gazebo-1] NodeShared::RecvSrvRequest() error sending response: Host unreachable
[gazebo-1] NodeShared::RecvSrvRequest() error sending response: Host unreachable
[gazebo-1] NodeShared::RecvSrvRequest() error sending response: Host unreachable
[gazebo-1] NodeShared::RecvSrvRequest() error sending response: Host unreachable
[gazebo-1] NodeShared::RecvSrvRequest() error sending response: Host unreachable
[gazebo-1] NodeShared::RecvSrvRequest() error sending response: Host unreachable
[gazebo-1] NodeShared::RecvSrvRequest() error sending response: Host unreachable
[gazebo-1] NodeShared::RecvSrvRequest() error sending response: Host unreachable
[gazebo-1] NodeShared::RecvSrvRequest() error sending response: Host unreachable
[gazebo-1] NodeShared::RecvSrvRequest() error sending response: Host unreachable
[gazebo-1] NodeShared::RecvSrvRequest() error sending response: Host unreachable
[gazebo-1] NodeShared::RecvSrvRequest() error sending response: Host unreachable
[gazebo-1] NodeShared::RecvSrvRequest() error sending response: Host unreachable
[gazebo-1] NodeShared::RecvSrvRequest() error sending response: Host unreachable
[gazebo-1] NodeShared::RecvSrvRequest() error sending response: Host unreachable
[gazebo-1] NodeShared::RecvSrvRequest() error sending response: Host unreachable
[gazebo-1] NodeShared::RecvSrvRequest() error sending response: Host unreachable
[gazebo-1] NodeShared::RecvSrvRequest() error sending response: Host unreachable
[gazebo-1] NodeShared::RecvSrvRequest() error sending response: Host unreachable
[gazebo-1] NodeShared::RecvSrvRequest() error sending response: Host unreachable
[gazebo-1] NodeShared::RecvSrvRequest() error sending response: Host unreachable
[gazebo-1] NodeShared::RecvSrvRequest() error sending response: Host unreachable
[gazebo-1] NodeShared::RecvSrvRequest() error sending response: Host unreachable
[gazebo-1] NodeShared::RecvSrvRequest() error sending response: Host unreachable
[gazebo-1] NodeShared::RecvSrvRequest() error sending response: Host unreachable
[gazebo-1] NodeShared::RecvSrvRequest() error sending response: Host unreachable
[gazebo-1] NodeShared::RecvSrvRequest() error sending response: Host unreachable
[gazebo-1] NodeShared::RecvSrvRequest() error sending response: Host unreachable
[gazebo-1] NodeShared::RecvSrvRequest() error sending response: Host unreachable
[gazebo-1] NodeShared::RecvSrvRequest() error sending response: Host unreachable
[gazebo-1] NodeShared::RecvSrvRequest() error sending response: Host unreachable
[gazebo-1] NodeShared::RecvSrvRequest() error sending response: Host unreachable
[gazebo-1] NodeShared::RecvSrvRequest() error sending response: Host unreachable
[gazebo-1] NodeShared::RecvSrvRequest() error sending response: Host unreachable
[gazebo-1] NodeShared::RecvSrvRequest() error sending response: Host unreachable
[gazebo-1] NodeShared::RecvSrvRequest() error sending response: Host unreachable
[gazebo-1] NodeShared::RecvSrvRequest() error sending response: Host unreachable
[gazebo-1] NodeShared::RecvSrvRequest() error sending response: Host unreachable
[gazebo-1] NodeShared::RecvSrvRequest() error sending response: Host unreachable
[gazebo-1] NodeShared::RecvSrvRequest() error sending response: Host unreachable
[gazebo-1] NodeShared::RecvSrvRequest() error sending response: Host unreachable
[gazebo-1] NodeShared::RecvSrvRequest() error sending response: Host unreachable
[gazebo-1] NodeShared::RecvSrvRequest() error sending response: Host unreachable
[gazebo-1] NodeShared::RecvSrvRequest() error sending response: Host unreachable
[gazebo-1] NodeShared::RecvSrvRequest() error sending response: Host unreachable
[gazebo-1] NodeShared::RecvSrvRequest() error sending response: Host unreachable
[gazebo-1] NodeShared::RecvSrvRequest() error sending response: Host unreachable
[gazebo-1] NodeShared::RecvSrvRequest() error sending response: Host unreachable
[gazebo-1] NodeShared::RecvSrvRequest() error sending response: Host unreachable
[gazebo-1] NodeShared::RecvSrvRequest() error sending response: Host unreachable
[gazebo-1] NodeShared::RecvSrvRequest() error sending response: Host unreachable
[gazebo-1] NodeShared::RecvSrvRequest() error sending response: Host unreachable
[gazebo-1] NodeShared::RecvSrvRequest() error sending response: Host unreachable
[gazebo-1] NodeShared::RecvSrvRequest() error sending response: Host unreachable
[gazebo-1] NodeShared::RecvSrvRequest() error sending response: Host unreachable
[gazebo-1] NodeShared::RecvSrvRequest() error sending response: Host unreachable
[gazebo-1] NodeShared::RecvSrvRequest() error sending response: Host unreachable
[gazebo-1] NodeShared::RecvSrvRequest() error sending response: Host unreachable
[gazebo-1] NodeShared::RecvSrvRequest() error sending response: Host unreachable
[gazebo-1] NodeShared::RecvSrvRequest() error sending response: Host unreachable
[gazebo-1] NodeShared::RecvSrvRequest() error sending response: Host unreachable
[gazebo-1] NodeShared::RecvSrvRequest() error sending response: Host unreachable
[gazebo-1] NodeShared::RecvSrvRequest() error sending response: Host unreachable
[gazebo-1] NodeShared::RecvSrvRequest() error sending response: Host unreachable
[gazebo-1] NodeShared::RecvSrvRequest() error sending response: Host unreachable
[gazebo-1] NodeShared::RecvSrvRequest() error sending response: Host unreachable
[gazebo-1] NodeShared::RecvSrvRequest() error sending response: Host unreachable
[gazebo-1] NodeShared::RecvSrvRequest() error sending response: Host unreachable
[gazebo-1] NodeShared::RecvSrvRequest() error sending response: Host unreachable
[gazebo-1] NodeShared::RecvSrvRequest() error sending response: Host unreachable
[gazebo-1] NodeShared::RecvSrvRequest() error sending response: Host unreachable
[gazebo-1] NodeShared::RecvSrvRequest() error sending response: Host unreachable
[gazebo-1] NodeShared::RecvSrvRequest() error sending response: Host unreachable
[gazebo-1] NodeShared::RecvSrvRequest() error sending response: Host unreachable
[gazebo-1] NodeShared::RecvSrvRequest() error sending response: Host unreachable
[gazebo-1] NodeShared::RecvSrvRequest() error sending response: Host unreachable
[gazebo-1] NodeShared::RecvSrvRequest() error sending response: Host unreachable
[gazebo-1] NodeShared::RecvSrvRequest() error sending response: Host unreachable
[gazebo-1] NodeShared::RecvSrvRequest() error sending response: Host unreachable
[gazebo-1] NodeShared::RecvSrvRequest() error sending response: Host unreachable
[gazebo-1] NodeShared::RecvSrvRequest() error sending response: Host unreachable
[gazebo-1] NodeShared::RecvSrvRequest() error sending response: Host unreachable
[gazebo-1] NodeShared::RecvSrvRequest() error sending response: Host unreachable
[gazebo-1] NodeShared::RecvSrvRequest() error sending response: Host unreachable
[gazebo-1] NodeShared::RecvSrvRequest() error sending response: Host unreachable
[gazebo-1] NodeShared::RecvSrvRequest() error sending response: Host unreachable
[gazebo-1] NodeShared::RecvSrvRequest() error sending response: Host unreachable
[gazebo-1] NodeShared::RecvSrvRequest() error sending response: Host unreachable
[gazebo-1] NodeShared::RecvSrvRequest() error sending response: Host unreachable
[gazebo-1] NodeShared::RecvSrvRequest() error sending response: Host unreachable
[gazebo-1] NodeShared::RecvSrvRequest() error sending response: Host unreachable
[gazebo-1] NodeShared::RecvSrvRequest() error sending response: Host unreachable
[gazebo-1] NodeShared::RecvSrvRequest() error sending response: Host unreachable
[gazebo-1] NodeShared::RecvSrvRequest() error sending response: Host unreachable
[gazebo-1] NodeShared::RecvSrvRequest() error sending response: Host unreachable
[gazebo-1] NodeShared::RecvSrvRequest() error sending response: Host unreachable
[gazebo-1] NodeShared::RecvSrvRequest() error sending response: Host unreachable
[gazebo-1] NodeShared::RecvSrvRequest() error sending response: Host unreachable
[gazebo-1] NodeShared::RecvSrvRequest() error sending response: Host unreachable
[gazebo-1] NodeShared::RecvSrvRequest() error sending response: Host unreachable
[gazebo-1] NodeShared::RecvSrvRequest() error sending response: Host unreachable
[gazebo-1] NodeShared::RecvSrvRequest() error sending response: Host unreachable
[gazebo-1] NodeShared::RecvSrvRequest() error sending response: Host unreachable
[gazebo-1] NodeShared::RecvSrvRequest() error sending response: Host unreachable
[gazebo-1] NodeShared::RecvSrvRequest() error sending response: Host unreachable
[gazebo-1] NodeShared::RecvSrvRequest() error sending response: Host unreachable
[gazebo-1] NodeShared::RecvSrvRequest() error sending response: Host unreachable
[gazebo-1] NodeShared::RecvSrvRequest() error sending response: Host unreachable
[gazebo-1] NodeShared::RecvSrvRequest() error sending response: Host unreachable
[gazebo-1] NodeShared::RecvSrvRequest() error sending response: Host unreachable
[gazebo-1] NodeShared::RecvSrvRequest() error sending response: Host unreachable
[gazebo-1] NodeShared::RecvSrvRequest() error sending response: Host unreachable
[gazebo-1] NodeShared::RecvSrvRequest() error sending response: Host unreachable
[gazebo-1] NodeShared::RecvSrvRequest() error sending response: Host unreachable
[gazebo-1] NodeShared::RecvSrvRequest() error sending response: Host unreachable
[gazebo-1] NodeShared::RecvSrvRequest() error sending response: Host unreachable
[gazebo-1] NodeShared::RecvSrvRequest() error sending response: Host unreachable
[gazebo-1] NodeShared::RecvSrvRequest() error sending response: Host unreachable
[gazebo-1] NodeShared::RecvSrvRequest() error sending response: Host unreachable
[gazebo-1] NodeShared::RecvSrvRequest() error sending response: Host unreachable
[gazebo-1] NodeShared::RecvSrvRequest() error sending response: Host unreachable
[gazebo-1] NodeShared::RecvSrvRequest() error sending response: Host unreachable
[INFO] [ros2-12]: sending signal 'SIGINT' to process[ros2-12]
[INFO] [logger_node-11]: sending signal 'SIGINT' to process[logger_node-11]
[INFO] [safety_filter_node-10]: sending signal 'SIGINT' to process[safety_filter_node-10]
[INFO] [controller_node-9]: sending signal 'SIGINT' to process[controller_node-9]
[INFO] [dynamics_node-8]: sending signal 'SIGINT' to process[dynamics_node-8]
[INFO] [verification_evaluator_node-7]: sending signal 'SIGINT' to process[verification_evaluator_node-7]
[INFO] [planned_trajectory_replay_node-6]: sending signal 'SIGINT' to process[planned_trajectory_replay_node-6]
[INFO] [chaser_pose_follower-5]: sending signal 'SIGINT' to process[chaser_pose_follower-5]
[INFO] [rviz2-3]: sending signal 'SIGINT' to process[rviz2-3]
[INFO] [parameter_bridge-2]: sending signal 'SIGINT' to process[parameter_bridge-2]
[INFO] [gazebo-1]: sending signal 'SIGINT' to process[gazebo-1]
[ros2-12] [INFO] [1788927997.266881362] [rosbag2_recorder]: Topics discovery stopped.
[ros2-12] [INFO] [1788927997.267008021] [rosbag2_recorder]: Pausing recording.
[ros2-12] [INFO] [1788927997.267028309] [rosbag2_cpp]: Writing remaining messages from cache to the bag. It may take a while
[rviz2-3] [INFO] [1788927997.274781322] [rclcpp]: signal_handler(SIGINT/SIGTERM)
[ros2-12] [INFO] [1788927997.276501211] [rosbag2_recorder]: Recording stopped
[parameter_bridge-2] [INFO] [1788927997.276563378] [rclcpp]: signal_handler(SIGINT/SIGTERM)
[ros2-12] [INFO] [1788927997.279753136] [rosbag2_recorder]: Event publisher thread: Exited
[INFO] [parameter_bridge-2]: process has finished cleanly [pid 117879]
[gazebo-1] NodeShared::RecvSrvRequest() error sending response: Host unreachable
[INFO] [safety_filter_node-10]: process has finished cleanly [pid 118363]
[INFO] [verification_evaluator_node-7]: process has finished cleanly [pid 118360]
[INFO] [dynamics_node-8]: process has finished cleanly [pid 118361]
[INFO] [ros2-12]: process has finished cleanly [pid 118365]
[INFO] [controller_node-9]: process has finished cleanly [pid 118362]
[INFO] [planned_trajectory_replay_node-6]: process has finished cleanly [pid 118359]
[INFO] [rviz2-3]: process has finished cleanly [pid 117880]
[INFO] [chaser_pose_follower-5]: process has finished cleanly [pid 118339]
[INFO] [logger_node-11]: process has finished cleanly [pid 118364]
[INFO] [gazebo-1]: process has finished cleanly [pid 117878]
[INFO] [launch]: process[gazebo-1] was required: shutting down launched system
